Component: ARM Compiler 5.06 update 6 (build 750) Tool: armlink [4d35ed]

==============================================================================

Section Cross References

    l6470.o(i.FsSpd_2_Step_s) refers to dfltui.o(.text) for __aeabi_ui2d
    l6470.o(i.FsSpd_2_Step_s) refers to dadd.o(.text) for __aeabi_dadd
    l6470.o(i.FsSpd_2_Step_s) refers to dmul.o(.text) for __aeabi_dmul
    l6470.o(i.FsSpd_2_Step_s) refers to d2f.o(.text) for __aeabi_d2f
    l6470.o(i.L6470_CheckStatusRegisterFlag) refers to l6470.o(i.L6470_GetParam) for L6470_GetParam
    l6470.o(i.L6470_CheckStatusRegisterFlag) refers to l6470.o(.data) for pL6470_StatusRegister
    l6470.o(i.L6470_Config) refers to l6470.o(i.Step_s2_2_Acc) for Step_s2_2_Acc
    l6470.o(i.L6470_Config) refers to l6470.o(i.Step_s2_2_Dec) for Step_s2_2_Dec
    l6470.o(i.L6470_Config) refers to l6470.o(i.Step_s_2_MaxSpeed) for Step_s_2_MaxSpeed
    l6470.o(i.L6470_Config) refers to l6470.o(i.Step_s_2_MinSpeed) for Step_s_2_MinSpeed
    l6470.o(i.L6470_Config) refers to l6470.o(i.Step_s_2_FsSpd) for Step_s_2_FsSpd
    l6470.o(i.L6470_Config) refers to l6470.o(i.Step_s_2_IntSpeed) for Step_s_2_IntSpeed
    l6470.o(i.L6470_Config) refers to l6470.o(i.s_Step_2_StSlp) for s_Step_2_StSlp
    l6470.o(i.L6470_Config) refers to l6470.o(i.s_Step_2_FnSlpAcc) for s_Step_2_FnSlpAcc
    l6470.o(i.L6470_Config) refers to l6470.o(i.s_Step_2_FnSlpDec) for s_Step_2_FnSlpDec
    l6470.o(i.L6470_Config) refers to l6470.o(i.mA_2_OcdTh) for mA_2_OcdTh
    l6470.o(i.L6470_Config) refers to l6470.o(i.mA_2_StallTh) for mA_2_StallTh
    l6470.o(i.L6470_DaisyChainCommand) refers to stm32f4xx_hal_gpio.o(i.HAL_GPIO_WritePin) for HAL_GPIO_WritePin
    l6470.o(i.L6470_DaisyChainCommand) refers to stm32f4xx_hal_spi.o(i.HAL_SPI_TransmitReceive) for HAL_SPI_TransmitReceive
    l6470.o(i.L6470_DaisyChainCommand) refers to l6470.o(.data) for L6470_DaisyChain_HalfPrepared
    l6470.o(i.L6470_DaisyChainCommand) refers to xnucleoihm02a1.o(.bss) for L6470_nCS_GPIO
    l6470.o(i.L6470_DaisyChainCommand) refers to xnucleoihm02a1_interface.o(.bss) for hspi1
    l6470.o(i.L6470_GetParam) refers to l6470.o(i.L6470_PrepareAppCmdPkg) for L6470_PrepareAppCmdPkg
    l6470.o(i.L6470_GetParam) refers to l6470.o(i.L6470_PrepareDaisyChainCommand) for L6470_PrepareDaisyChainCommand
    l6470.o(i.L6470_GetParam) refers to l6470.o(i.L6470_DaisyChainCommand) for L6470_DaisyChainCommand
    l6470.o(i.L6470_GetParam) refers to l6470.o(i.L6470_ExtractReturnedData) for L6470_ExtractReturnedData
    l6470.o(i.L6470_GetParam) refers to l6470.o(.bss) for L6470_AppCmdPkg
    l6470.o(i.L6470_GetParam) refers to l6470.o(.data) for L6470_DaisyChainSpiTxStruct
    l6470.o(i.L6470_GetParam) refers to l6470.o(.constdata) for L6470_Register
    l6470.o(i.L6470_GetRegisterName) refers to l6470.o(.constdata) for L6470_Register
    l6470.o(i.L6470_GetStatus) refers to l6470.o(i.L6470_PrepareAppCmdPkg) for L6470_PrepareAppCmdPkg
    l6470.o(i.L6470_GetStatus) refers to l6470.o(i.L6470_PrepareDaisyChainCommand) for L6470_PrepareDaisyChainCommand
    l6470.o(i.L6470_GetStatus) refers to l6470.o(i.L6470_DaisyChainCommand) for L6470_DaisyChainCommand
    l6470.o(i.L6470_GetStatus) refers to l6470.o(i.L6470_ExtractReturnedData) for L6470_ExtractReturnedData
    l6470.o(i.L6470_GetStatus) refers to l6470.o(.bss) for L6470_AppCmdPkg
    l6470.o(i.L6470_GetStatus) refers to l6470.o(.data) for L6470_DaisyChainSpiTxStruct
    l6470.o(i.L6470_GoHome) refers to l6470.o(i.L6470_PrepareAppCmdPkg) for L6470_PrepareAppCmdPkg
    l6470.o(i.L6470_GoHome) refers to l6470.o(i.L6470_PrepareDaisyChainCommand) for L6470_PrepareDaisyChainCommand
    l6470.o(i.L6470_GoHome) refers to l6470.o(i.L6470_DaisyChainCommand) for L6470_DaisyChainCommand
    l6470.o(i.L6470_GoHome) refers to l6470.o(.bss) for L6470_AppCmdPkg
    l6470.o(i.L6470_GoHome) refers to l6470.o(.data) for L6470_DaisyChainSpiTxStruct
    l6470.o(i.L6470_GoMark) refers to l6470.o(i.L6470_PrepareAppCmdPkg) for L6470_PrepareAppCmdPkg
    l6470.o(i.L6470_GoMark) refers to l6470.o(i.L6470_PrepareDaisyChainCommand) for L6470_PrepareDaisyChainCommand
    l6470.o(i.L6470_GoMark) refers to l6470.o(i.L6470_DaisyChainCommand) for L6470_DaisyChainCommand
    l6470.o(i.L6470_GoMark) refers to l6470.o(.bss) for L6470_AppCmdPkg
    l6470.o(i.L6470_GoMark) refers to l6470.o(.data) for L6470_DaisyChainSpiTxStruct
    l6470.o(i.L6470_GoTo) refers to l6470.o(i.L6470_PrepareAppCmdPkg) for L6470_PrepareAppCmdPkg
    l6470.o(i.L6470_GoTo) refers to l6470.o(i.L6470_PrepareDaisyChainCommand) for L6470_PrepareDaisyChainCommand
    l6470.o(i.L6470_GoTo) refers to l6470.o(i.L6470_DaisyChainCommand) for L6470_DaisyChainCommand
    l6470.o(i.L6470_GoTo) refers to l6470.o(.bss) for L6470_AppCmdPkg
    l6470.o(i.L6470_GoTo) refers to l6470.o(.data) for L6470_DaisyChainSpiTxStruct
[...]
    ..\..\Drivers\BSP\X-NUCLEO-IHM02A1\NUCLEO-F401RE\xnucleoihm02a1_interface.c 0x00000000   Number         0  xnucleoihm02a1_interface.o ABSOLUTE
    ..\..\Drivers\BSP\X-NUCLEO-IHM02A1\xnucleoihm02a1.c 0x00000000   Number         0  xnucleoihm02a1.o ABSOLUTE
    ..\..\Drivers\CMSIS\Device\ST\STM32F4xx\Source\Templates\system_stm32f4xx.c 0x00000000   Number         0  system_stm32f4xx.o ABSOLUTE
    ..\..\Drivers\STM32F4xx_HAL_Driver\Src\stm32f4xx_hal.c 0x00000000   Number         0  stm32f4xx_hal.o ABSOLUTE
    ..\..\Drivers\STM32F4xx_HAL_Driver\Src\stm32f4xx_hal_adc.c 0x00000000   Number         0  stm32f4xx_hal_adc.o ABSOLUTE
    ..\..\Drivers\STM32F4xx_HAL_Driver\Src\stm32f4xx_hal_adc_ex.c 0x00000000   Number         0  stm32f4xx_hal_adc_ex.o ABSOLUTE
    ..\..\Drivers\STM32F4xx_HAL_Driver\Src\stm32f4xx_hal_cortex.c 0x00000000   Number         0  stm32f4xx_hal_cortex.o ABSOLUTE
    ..\..\Drivers\STM32F4xx_HAL_Driver\Src\stm32f4xx_hal_dma.c 0x00000000   Number         0  stm32f4xx_hal_dma.o ABSOLUTE
    ..\..\Drivers\STM32F4xx_HAL_Driver\Src\stm32f4xx_hal_dma_ex.c 0x00000000   Number         0  stm32f4xx_hal_dma_ex.o ABSOLUTE
    ..\..\Drivers\STM32F4xx_HAL_Driver\Src\stm32f4xx_hal_flash.c 0x00000000   Number         0  stm32f4xx_hal_flash.o ABSOLUTE
    ..\..\Drivers\STM32F4xx_HAL_Driver\Src\stm32f4xx_hal_flash_ex.c 0x00000000   Number         0  stm32f4xx_hal_flash_ex.o ABSOLUTE
    ..\..\Drivers\STM32F4xx_HAL_Driver\Src\stm32f4xx_hal_flash_ramfunc.c 0x00000000   Number         0  stm32f4xx_hal_flash_ramfunc.o ABSOLUTE
    ..\..\Drivers\STM32F4xx_HAL_Driver\Src\stm32f4xx_hal_gpio.c 0x00000000   Number         0  stm32f4xx_hal_gpio.o ABSOLUTE
    ..\..\Drivers\STM32F4xx_HAL_Driver\Src\stm32f4xx_hal_pwr.c 0x00000000   Number         0  stm32f4xx_hal_pwr.o ABSOLUTE
    ..\..\Drivers\STM32F4xx_HAL_Driver\Src\stm32f4xx_hal_pwr_ex.c 0x00000000   Number         0  stm32f4xx_hal_pwr_ex.o ABSOLUTE
    ..\..\Drivers\STM32F4xx_HAL_Driver\Src\stm32f4xx_hal_rcc.c 0x00000000   Number         0  stm32f4xx_hal_rcc.o ABSOLUTE
    ..\..\Drivers\STM32F4xx_HAL_Driver\Src\stm32f4xx_hal_rcc_ex.c 0x00000000   Number         0  stm32f4xx_hal_rcc_ex.o ABSOLUTE
    ..\..\Drivers\STM32F4xx_HAL_Driver\Src\stm32f4xx_hal_spi.c 0x00000000   Number         0  stm32f4xx_hal_spi.o ABSOLUTE
    ..\..\Drivers\STM32F4xx_HAL_Driver\Src\stm32f4xx_hal_uart.c 0x00000000   Number         0  stm32f4xx_hal_uart.o ABSOLUTE
    ..\Src\NUCLEO-F401RE\startup_stm32f401xe.s 0x00000000   Number         0  startup_stm32f401xe.o ABSOLUTE
    ..\Src\NUCLEO-F401RE\stm32f4xx_hal_msp.c 0x00000000   Number         0  stm32f4xx_hal_msp.o ABSOLUTE
    ..\Src\NUCLEO-F401RE\stm32f4xx_it.c      0x00000000   Number         0  stm32f4xx_it.o ABSOLUTE
    ..\Src\example.c                         0x00000000   Number         0  example.o ABSOLUTE
    ..\Src\example_usart.c                   0x00000000   Number         0  example_usart.o ABSOLUTE
    ..\Src\main.c                            0x00000000   Number         0  main.o ABSOLUTE
    ..\Src\params.c                          0x00000000   Number         0  params.o ABSOLUTE
    ..\\..\\Drivers\\BSP\\Components\\L6470\\L6470.c 0x00000000   Number         0  l6470.o ABSOLUTE
    ..\\..\\Drivers\\BSP\\STM32F4xx-Nucleo\\stm32f4xx_nucleo.c 0x00000000   Number         0  stm32f4xx_nucleo.o ABSOLUTE
    ..\\..\\Drivers\\BSP\\X-NUCLEO-IHM02A1\\NUCLEO-F401RE\\xnucleoihm02a1_interface.c 0x00000000   Number         0  xnucleoihm02a1_interface.o ABSOLUTE
    ..\\..\\Drivers\\BSP\\X-NUCLEO-IHM02A1\\xnucleoihm02a1.c 0x00000000   Number         0  xnucleoihm02a1.o ABSOLUTE
    ..\\..\\Drivers\\CMSIS\\Device\\ST\\STM32F4xx\\Source\\Templates\\system_stm32f4xx.c 0x00000000   Number         0  system_stm32f4xx.o ABSOLUTE
    ..\\..\\Drivers\\STM32F4xx_HAL_Driver\\Src\\stm32f4xx_hal.c 0x00000000   Number         0  stm32f4xx_hal.o ABSOLUTE
    ..\\..\\Drivers\\STM32F4xx_HAL_Driver\\Src\\stm32f4xx_hal_adc.c 0x00000000   Number         0  stm32f4xx_hal_adc.o ABSOLUTE
    ..\\..\\Drivers\\STM32F4xx_HAL_Driver\\Src\\stm32f4xx_hal_adc_ex.c 0x00000000   Number         0  stm32f4xx_hal_adc_ex.o ABSOLUTE
    ..\\..\\Drivers\\STM32F4xx_HAL_Driver\\Src\\stm32f4xx_hal_cortex.c 0x00000000   Number         0  stm32f4xx_hal_cortex.o ABSOLUTE
    ..\\..\\Drivers\\STM32F4xx_HAL_Driver\\Src\\stm32f4xx_hal_dma.c 0x00000000   Number         0  stm32f4xx_hal_dma.o ABSOLUTE
    ..\\..\\Drivers\\STM32F4xx_HAL_Driver\\Src\\stm32f4xx_hal_dma_ex.c 0x00000000   Number         0  stm32f4xx_hal_dma_ex.o ABSOLUTE
    ..\\..\\Drivers\\STM32F4xx_HAL_Driver\\Src\\stm32f4xx_hal_flash.c 0x00000000   Number         0  stm32f4xx_hal_flash.o ABSOLUTE
    ..\\..\\Drivers\\STM32F4xx_HAL_Driver\\Src\\stm32f4xx_hal_flash_ex.c 0x00000000   Number         0  stm32f4xx_hal_flash_ex.o ABSOLUTE
    ..\\..\\Drivers\\STM32F4xx_HAL_Driver\\Src\\stm32f4xx_hal_flash_ramfunc.c 0x00000000   Number         0  stm32f4xx_hal_flash_ramfunc.o ABSOLUTE
    ..\\..\\Drivers\\STM32F4xx_HAL_Driver\\Src\\stm32f4xx_hal_gpio.c 0x00000000   Number         0  stm32f4xx_hal_gpio.o ABSOLUTE
    ..\\..\\Drivers\\STM32F4xx_HAL_Driver\\Src\\stm32f4xx_hal_pwr.c 0x00000000   Number         0  stm32f4xx_hal_pwr.o ABSOLUTE
    ..\\..\\Drivers\\STM32F4xx_HAL_Driver\\Src\\stm32f4xx_hal_pwr_ex.c 0x00000000   Number         0  stm32f4xx_hal_pwr_ex.o ABSOLUTE
    ..\\..\\Drivers\\STM32F4xx_HAL_Driver\\Src\\stm32f4xx_hal_rcc.c 0x00000000   Number         0  stm32f4xx_hal_rcc.o ABSOLUTE
    ..\\..\\Drivers\\STM32F4xx_HAL_Driver\\Src\\stm32f4xx_hal_rcc_ex.c 0x00000000   Number         0  stm32f4xx_hal_rcc_ex.o ABSOLUTE
    ..\\..\\Drivers\\STM32F4xx_HAL_Driver\\Src\\stm32f4xx_hal_spi.c 0x00000000   Number         0  stm32f4xx_hal_spi.o ABSOLUTE
    ..\\..\\Drivers\\STM32F4xx_HAL_Driver\\Src\\stm32f4xx_hal_uart.c 0x00000000   Number         0  stm32f4xx_hal_uart.o ABSOLUTE
    ..\\Src\\NUCLEO-F401RE\\stm32f4xx_hal_msp.c 0x00000000   Number         0  stm32f4xx_hal_msp.o ABSOLUTE
    ..\\Src\\NUCLEO-F401RE\\stm32f4xx_it.c   0x00000000   Number         0  stm32f4xx_it.o ABSOLUTE
    ..\\Src\\example.c                       0x00000000   Number         0  example.o ABSOLUTE
    ..\\Src\\example_usart.c                 0x00000000   Number         0  example_usart.o ABSOLUTE
    ..\\Src\\main.c                          0x00000000   Number         0  main.o ABSOLUTE
    cdcmple.s                                0x00000000   Number         0  cdcmple.o ABSOLUTE
    dc.s                                     0x00000000   Number         0  dc.o ABSOLUTE
    handlers.s                               0x00000000   Number         0  handlers.o ABSOLUTE
    init.s                                   0x00000000   Number         0  init.o ABSOLUTE
    RESET                                    0x08000000   Section      404  startup_stm32f401xe.o(RESET)
    .ARM.Collect$$$$00000000                 0x08000194   Section        0  entry.o(.ARM.Collect$$$$00000000)
    .ARM.Collect$$$$00000001                 0x08000194   Section        4  entry2.o(.ARM.Collect$$$$00000001)
    .ARM.Collect$$$$00000004                 0x08000198   Section        4  entry5.o(.ARM.Collect$$$$00000004)
    .ARM.Collect$$$$00000008                 0x0800019c   Section        0  entry7b.o(.ARM.Collect$$$$00000008)
    .ARM.Collect$$$$0000000A                 0x0800019c   Section        0  entry8b.o(.ARM.Collect$$$$0000000A)
    .ARM.Collect$$$$0000000B                 0x0800019c   Section        8  entry9a.o(.ARM.Collect$$$$0000000B)
    .ARM.Collect$$$$0000000D                 0x080001a4   Section        0  entry10a.o(.ARM.Collect$$$$0000000D)
    .ARM.Collect$$$$0000000F                 0x080001a4   Section        0  entry11a.o(.ARM.Collect$$$$0000000F)
    .ARM.Collect$$$$00002712                 0x080001a4   Section        4  entry2.o(.ARM.Collect$$$$00002712)
    __lit__00000000                          0x080001a4   Data           4  entry2.o(.ARM.Collect$$$$00002712)
    .text                                    0x080001a8   Section       36  startup_stm32f401xe.o(.text)
    $v0                                      0x080001a8   Number         0  startup_stm32f401xe.o(.text)
    .text                                    0x080001cc   Section        0  f2d.o(.text)
    .text                                    0x080001f4   Section       48  cdcmple.o(.text)
    .text                                    0x08000224   Section        0  iusefp.o(.text)
    .text                                    0x08000224   Section       36  init.o(.text)
    .text                                    0x08000248   Section        0  __dczerorl2.o(.text)
    i.ADC_Init                               0x080002a0   Section        0  stm32f4xx_hal_adc.o(i.ADC_Init)
    ADC_Init                                 0x080002a1   Thumb Code   390  stm32f4xx_hal_adc.o(i.ADC_Init)
    i.BSP_0_Config                           0x08000470   Section        0  xnucleoihm02a1.o(i.BSP_0_Config)
    i.BSP_1_Config                           0x08000484   Section        0  xnucleoihm02a1.o(i.BSP_1_Config)
    i.BSP_2_Config                           0x08000498   Section        0  xnucleoihm02a1.o(i.BSP_2_Config)
    i.BSP_3_Config                           0x080004ac   Section        0  xnucleoihm02a1.o(i.BSP_3_Config)
    i.BSP_Config                             0x080004c0   Section        0  xnucleoihm02a1.o(i.BSP_Config)
    i.BSP_EmergencyStop                      0x080004e0   Section        0  xnucleoihm02a1.o(i.BSP_EmergencyStop)
    i.BSP_GetExpansionBoardHandle            0x080004f4   Section        0  xnucleoihm02a1.o(i.BSP_GetExpansionBoardHandle)
    i.BSP_IRQ                                0x08000540   Section        0  xnucleoihm02a1.o(i.BSP_IRQ)
    i.BSP_Init                               0x08000564   Section        0  xnucleoihm02a1.o(i.BSP_Init)
    i.BSP_L6470_0_0_Config                   0x08000584   Section        0  xnucleoihm02a1.o(i.BSP_L6470_0_0_Config)
    i.BSP_L6470_0_1_Config                   0x08000598   Section        0  xnucleoihm02a1.o(i.BSP_L6470_0_1_Config)
    i.BSP_L6470_1_0_Config                   0x080005ac   Section        0  xnucleoihm02a1.o(i.BSP_L6470_1_0_Config)
    i.BSP_L6470_1_1_Config                   0x080005c0   Section        0  xnucleoihm02a1.o(i.BSP_L6470_1_1_Config)
    i.BSP_L6470_2_0_Config                   0x080005d4   Section        0  xnucleoihm02a1.o(i.BSP_L6470_2_0_Config)
    i.BSP_L6470_2_1_Config                   0x080005e8   Section        0  xnucleoihm02a1.o(i.BSP_L6470_2_1_Config)
    i.BSP_L6470_3_0_Config                   0x080005fc   Section        0  xnucleoihm02a1.o(i.BSP_L6470_3_0_Config)
    i.BSP_L6470_3_1_Config                   0x08000610   Section        0  xnucleoihm02a1.o(i.BSP_L6470_3_1_Config)
    i.BSP_L6470_BusySynchEventManager        0x08000624   Section        0  xnucleoihm02a1.o(i.BSP_L6470_BusySynchEventManager)
    i.BSP_L6470_CheckStatusRegisterFlag      0x08000628   Section        0  xnucleoihm02a1.o(i.BSP_L6470_CheckStatusRegisterFlag)
    i.BSP_L6470_FlagEventManager             0x08000646   Section        0  xnucleoihm02a1.o(i.BSP_L6470_FlagEventManager)
    i.BSP_L6470_GetParam                     0x0800064a   Section        0  xnucleoihm02a1.o(i.BSP_L6470_GetParam)
    i.BSP_L6470_GetStatus                    0x08000668   Section        0  xnucleoihm02a1.o(i.BSP_L6470_GetStatus)
    i.BSP_L6470_GoHome                       0x08000682   Section        0  xnucleoihm02a1.o(i.BSP_L6470_GoHome)
    i.BSP_L6470_GoMark                       0x08000698   Section        0  xnucleoihm02a1.o(i.BSP_L6470_GoMark)
    i.BSP_L6470_GoTo                         0x080006ae   Section        0  xnucleoihm02a1.o(i.BSP_L6470_GoTo)
    i.BSP_L6470_GoToDir                      0x080006c8   Section        0  xnucleoihm02a1.o(i.BSP_L6470_GoToDir)
    i.BSP_L6470_GoUntil                      0x080006ea   Section        0  xnucleoihm02a1.o(i.BSP_L6470_GoUntil)
    i.BSP_L6470_HardHiZ                      0x08000712   Section        0  xnucleoihm02a1.o(i.BSP_L6470_HardHiZ)
    i.BSP_L6470_HardStop                     0x08000728   Section        0  xnucleoihm02a1.o(i.BSP_L6470_HardStop)
    i.BSP_L6470_Init                         0x08000740   Section        0  xnucleoihm02a1.o(i.BSP_L6470_Init)
    i.BSP_L6470_Move                         0x080007c0   Section        0  xnucleoihm02a1.o(i.BSP_L6470_Move)
    i.BSP_L6470_ReleaseSW                    0x080007e2   Section        0  xnucleoihm02a1.o(i.BSP_L6470_ReleaseSW)
    i.BSP_L6470_ResetDevice                  0x08000804   Section        0  xnucleoihm02a1.o(i.BSP_L6470_ResetDevice)
    i.BSP_L6470_ResetPos                     0x0800081a   Section        0  xnucleoihm02a1.o(i.BSP_L6470_ResetPos)
    i.BSP_L6470_Run                          0x08000830   Section        0  xnucleoihm02a1.o(i.BSP_L6470_Run)
    i.BSP_L6470_SetParam                     0x08000852   Section        0  xnucleoihm02a1.o(i.BSP_L6470_SetParam)
    i.BSP_L6470_SoftHiZ                      0x08000874   Section        0  xnucleoihm02a1.o(i.BSP_L6470_SoftHiZ)
    i.BSP_L6470_SoftStop                     0x0800088a   Section        0  xnucleoihm02a1.o(i.BSP_L6470_SoftStop)
    i.BSP_L6470_StepClock                    0x080008a0   Section        0  xnucleoihm02a1.o(i.BSP_L6470_StepClock)
    i.BSP_LED_Init                           0x080008bc   Section        0  stm32f4xx_nucleo.o(i.BSP_LED_Init)
    i.BSP_LED_Off                            0x08000924   Section        0  stm32f4xx_nucleo.o(i.BSP_LED_Off)
    i.BSP_LED_On                             0x08000944   Section        0  stm32f4xx_nucleo.o(i.BSP_LED_On)
    i.BSP_NUCLEO_GPIO_Init                   0x08000964   Section        0  xnucleoihm02a1.o(i.BSP_NUCLEO_GPIO_Init)
    i.BSP_PB_Init                            0x08000a64   Section        0  stm32f4xx_nucleo.o(i.BSP_PB_Init)
    i.BSP_Select                             0x08000b00   Section        0  xnucleoihm02a1.o(i.BSP_Select)
    i.CompareTwoTextString                   0x08000b44   Section        0  example_usart.o(i.CompareTwoTextString)
    i.EXPBRD_ID                              0x08000b68   Section        0  xnucleoihm02a1.o(i.EXPBRD_ID)
    i.EXTI0_IRQHandler                       0x08000b78   Section        0  stm32f4xx_it.o(i.EXTI0_IRQHandler)
    i.EXTI15_10_IRQHandler                   0x08000b94   Section        0  stm32f4xx_it.o(i.EXTI15_10_IRQHandler)
    i.EXTI1_IRQHandler                       0x08000bb4   Section        0  stm32f4xx_it.o(i.EXTI1_IRQHandler)
    i.Fill_L6470_DaisyChainMnemonic          0x08000bd0   Section        0  example_usart.o(i.Fill_L6470_DaisyChainMnemonic)
    i.GetMotorParameterInitData              0x08000cc4   Section        0  params.o(i.GetMotorParameterInitData)
    i.HAL_ADC_ConfigChannel                  0x08000ccc   Section        0  stm32f4xx_hal_adc.o(i.HAL_ADC_ConfigChannel)
    i.HAL_ADC_Init                           0x08000f00   Section        0  stm32f4xx_hal_adc.o(i.HAL_ADC_Init)
    i.HAL_ADC_MspInit                        0x08001150   Section        0  stm32f4xx_hal_msp.o(i.HAL_ADC_MspInit)
    i.HAL_Delay                              0x080011c0   Section        0  stm32f4xx_hal.o(i.HAL_Delay)
    i.HAL_GPIO_Init                          0x080011dc   Section        0  stm32f4xx_hal_gpio.o(i.HAL_GPIO_Init)
    i.HAL_GPIO_WritePin                      0x08001590   Section        0  stm32f4xx_hal_gpio.o(i.HAL_GPIO_WritePin)
    i.HAL_GetTick                            0x08001604   Section        0  stm32f4xx_hal.o(i.HAL_GetTick)
    i.HAL_IncTick                            0x08001610   Section        0  stm32f4xx_hal.o(i.HAL_IncTick)
    i.HAL_Init                               0x08001620   Section        0  stm32f4xx_hal.o(i.HAL_Init)
    i.HAL_InitTick                           0x0800165c   Section        0  stm32f4xx_hal.o(i.HAL_InitTick)
    i.HAL_MspInit                            0x08001680   Section        0  stm32f4xx_hal_msp.o(i.HAL_MspInit)
    i.HAL_NVIC_DisableIRQ                    0x08001694   Section        0  stm32f4xx_hal_cortex.o(i.HAL_NVIC_DisableIRQ)
    i.HAL_NVIC_EnableIRQ                     0x08001700   Section        0  stm32f4xx_hal_cortex.o(i.HAL_NVIC_EnableIRQ)
    i.HAL_NVIC_SetPriority                   0x0800176c   Section        0  stm32f4xx_hal_cortex.o(i.HAL_NVIC_SetPriority)
    i.HAL_NVIC_SetPriorityGrouping           0x08001844   Section        0  stm32f4xx_hal_cortex.o(i.HAL_NVIC_SetPriorityGrouping)
    i.HAL_RCC_ClockConfig                    0x080018d0   Section        0  stm32f4xx_hal_rcc.o(i.HAL_RCC_ClockConfig)
    i.HAL_RCC_GetHCLKFreq                    0x08001d24   Section        0  stm32f4xx_hal_rcc.o(i.HAL_RCC_GetHCLKFreq)
    i.HAL_RCC_GetPCLK1Freq                   0x08001d5c   Section        0  stm32f4xx_hal_rcc.o(i.HAL_RCC_GetPCLK1Freq)
    i.HAL_RCC_GetPCLK2Freq                   0x08001d88   Section        0  stm32f4xx_hal_rcc.o(i.HAL_RCC_GetPCLK2Freq)
    i.HAL_RCC_GetSysClockFreq                0x08001db4   Section        0  stm32f4xx_hal_rcc.o(i.HAL_RCC_GetSysClockFreq)
    i.HAL_RCC_OscConfig                      0x08001e68   Section        0  stm32f4xx_hal_rcc.o(i.HAL_RCC_OscConfig)
    i.HAL_SPI_Init                           0x080023dc   Section        0  stm32f4xx_hal_spi.o(i.HAL_SPI_Init)
    i.HAL_SPI_MspInit                        0x080025bc   Section        0  stm32f4xx_hal_msp.o(i.HAL_SPI_MspInit)
    i.HAL_SPI_TransmitReceive                0x080026d4   Section        0  stm32f4xx_hal_spi.o(i.HAL_SPI_TransmitReceive)
    i.HAL_SYSTICK_Callback                   0x08002a74   Section        0  stm32f4xx_hal_cortex.o(i.HAL_SYSTICK_Callback)
    i.HAL_SYSTICK_Config                     0x08002a76   Section        0  stm32f4xx_hal_cortex.o(i.HAL_SYSTICK_Config)
    i.HAL_SYSTICK_IRQHandler                 0x08002aaa   Section        0  stm32f4xx_hal_cortex.o(i.HAL_SYSTICK_IRQHandler)
    i.HAL_UART_ErrorCallback                 0x08002ab2   Section        0  stm32f4xx_hal_uart.o(i.HAL_UART_ErrorCallback)
    i.HAL_UART_IRQHandler                    0x08002ab4   Section        0  stm32f4xx_hal_uart.o(i.HAL_UART_IRQHandler)
    i.HAL_UART_Init                          0x08002bd4   Section        0  stm32f4xx_hal_uart.o(i.HAL_UART_Init)
    i.HAL_UART_MspInit                       0x08002d28   Section        0  stm32f4xx_hal_msp.o(i.HAL_UART_MspInit)
    i.HAL_UART_Receive_IT                    0x08002db0   Section        0  stm32f4xx_hal_uart.o(i.HAL_UART_Receive_IT)
    i.HAL_UART_RxCpltCallback                0x08002e36   Section        0  stm32f4xx_hal_uart.o(i.HAL_UART_RxCpltCallback)
    i.HAL_UART_Transmit                      0x08002e38   Section        0  stm32f4xx_hal_uart.o(i.HAL_UART_Transmit)
    i.HAL_UART_TxCpltCallback                0x08002f28   Section        0  stm32f4xx_hal_uart.o(i.HAL_UART_TxCpltCallback)
    i.L6470_CheckStatusRegisterFlag          0x08002f2c   Section        0  l6470.o(i.L6470_CheckStatusRegisterFlag)
    i.L6470_Config                           0x08003018   Section        0  l6470.o(i.L6470_Config)
    i.L6470_DaisyChainCommand                0x08003268   Section        0  l6470.o(i.L6470_DaisyChainCommand)
    i.L6470_ExtractReturnedData              0x080032dc   Section        0  l6470.o(i.L6470_ExtractReturnedData)
    i.L6470_FillAppCmdPkg                    0x08003300   Section        0  l6470.o(i.L6470_FillAppCmdPkg)
    i.L6470_GetParam                         0x08003320   Section        0  l6470.o(i.L6470_GetParam)
    i.L6470_GetRegisterName                  0x08003378   Section        0  l6470.o(i.L6470_GetRegisterName)
    i.L6470_GetStatus                        0x08003398   Section        0  l6470.o(i.L6470_GetStatus)
    i.L6470_GoHome                           0x080033dc   Section        0  l6470.o(i.L6470_GoHome)
    i.L6470_GoMark                           0x08003410   Section        0  l6470.o(i.L6470_GoMark)
    i.L6470_GoTo                             0x08003444   Section        0  l6470.o(i.L6470_GoTo)
    i.L6470_GoToDir                          0x08003480   Section        0  l6470.o(i.L6470_GoToDir)
    i.L6470_GoUntil                          0x080034c0   Section        0  l6470.o(i.L6470_GoUntil)
    i.L6470_HardHiZ                          0x080034fc   Section        0  l6470.o(i.L6470_HardHiZ)
    i.L6470_HardStop                         0x08003530   Section        0  l6470.o(i.L6470_HardStop)
    i.L6470_ID                               0x08003564   Section        0  l6470.o(i.L6470_ID)
    i.L6470_Move                             0x08003578   Section        0  l6470.o(i.L6470_Move)
    i.L6470_PerformPreparedApplicationCommand 0x080035b0   Section        0  l6470.o(i.L6470_PerformPreparedApplicationCommand)
    i.L6470_PrepareAppCmdPkg                 0x080035d4   Section        0  l6470.o(i.L6470_PrepareAppCmdPkg)
    i.L6470_PrepareDaisyChainCommand         0x08003610   Section        0  l6470.o(i.L6470_PrepareDaisyChainCommand)
    i.L6470_PrepareGetParam                  0x08003898   Section        0  l6470.o(i.L6470_PrepareGetParam)
    i.L6470_PrepareGetStatus                 0x080038b8   Section        0  l6470.o(i.L6470_PrepareGetStatus)
    i.L6470_PrepareGoHome                    0x080038d4   Section        0  l6470.o(i.L6470_PrepareGoHome)
    i.L6470_PrepareGoMark                    0x080038f0   Section        0  l6470.o(i.L6470_PrepareGoMark)
    i.L6470_PrepareGoTo                      0x0800390c   Section        0  l6470.o(i.L6470_PrepareGoTo)
    i.L6470_PrepareGoToDir                   0x0800392c   Section        0  l6470.o(i.L6470_PrepareGoToDir)
    i.L6470_PrepareGoUntil                   0x0800394c   Section        0  l6470.o(i.L6470_PrepareGoUntil)
    i.L6470_PrepareHardHiZ                   0x0800396c   Section        0  l6470.o(i.L6470_PrepareHardHiZ)
    i.L6470_PrepareHardStop                  0x08003988   Section        0  l6470.o(i.L6470_PrepareHardStop)
    i.L6470_PrepareMove                      0x080039a4   Section        0  l6470.o(i.L6470_PrepareMove)
    i.L6470_PrepareReleaseSW                 0x080039c4   Section        0  l6470.o(i.L6470_PrepareReleaseSW)
    i.L6470_PrepareResetDevice               0x080039e4   Section        0  l6470.o(i.L6470_PrepareResetDevice)
    i.L6470_PrepareResetPos                  0x08003a00   Section        0  l6470.o(i.L6470_PrepareResetPos)
    i.L6470_PrepareRun                       0x08003a1c   Section        0  l6470.o(i.L6470_PrepareRun)
    i.L6470_PrepareSetParam                  0x08003a3c   Section        0  l6470.o(i.L6470_PrepareSetParam)
    i.L6470_PrepareSoftHiZ                   0x08003a5c   Section        0  l6470.o(i.L6470_PrepareSoftHiZ)
    i.L6470_PrepareSoftStop                  0x08003a78   Section        0  l6470.o(i.L6470_PrepareSoftStop)
    i.L6470_PrepareStepClock                 0x08003a94   Section        0  l6470.o(i.L6470_PrepareStepClock)
    i.L6470_ReleaseSW                        0x08003ab4   Section        0  l6470.o(i.L6470_ReleaseSW)
    i.L6470_ResetAppCmdPkg                   0x08003aec   Section        0  l6470.o(i.L6470_ResetAppCmdPkg)
    i.L6470_ResetDevice                      0x08003b18   Section        0  l6470.o(i.L6470_ResetDevice)
    i.L6470_ResetPos                         0x08003b4c   Section        0  l6470.o(i.L6470_ResetPos)
    i.L6470_Run                              0x08003b80   Section        0  l6470.o(i.L6470_Run)
    i.L6470_SetParam                         0x08003bb8   Section        0  l6470.o(i.L6470_SetParam)
    i.L6470_SoftHiZ                          0x08003bf0   Section        0  l6470.o(i.L6470_SoftHiZ)
    i.L6470_SoftStop                         0x08003c24   Section        0  l6470.o(i.L6470_SoftStop)
    i.L6470_StepClock                        0x08003c58   Section        0  l6470.o(i.L6470_StepClock)
    i.MX_ADC1_Init                           0x08003c90   Section        0  xnucleoihm02a1_interface.o(i.MX_ADC1_Init)
    i.MX_GPIO_Init                           0x08003cdc   Section        0  xnucleoihm02a1_interface.o(i.MX_GPIO_Init)
    i.MX_SPI1_Init                           0x08003d28   Section        0  xnucleoihm02a1_interface.o(i.MX_SPI1_Init)
    i.MX_SPI_Init                            0x08003dbc   Section        0  xnucleoihm02a1_interface.o(i.MX_SPI_Init)
    i.MX_USART2_Init                         0x08003dc4   Section        0  xnucleoihm02a1_interface.o(i.MX_USART2_Init)
    i.Motor_Param_Reg_Init                   0x08003df4   Section        0  example_usart.o(i.Motor_Param_Reg_Init)
    i.NUCLEO_Board_Init                      0x08003e8c   Section        0  xnucleoihm02a1_interface.o(i.NUCLEO_Board_Init)
    i.NVIC_GetPriorityGrouping               0x08003eb4   Section        0  stm32f4xx_hal_cortex.o(i.NVIC_GetPriorityGrouping)
    NVIC_GetPriorityGrouping                 0x08003eb5   Thumb Code    10  stm32f4xx_hal_cortex.o(i.NVIC_GetPriorityGrouping)
    i.NVIC_SetPriority                       0x08003ec4   Section        0  stm32f4xx_hal_cortex.o(i.NVIC_SetPriority)
    NVIC_SetPriority                         0x08003ec5   Thumb Code    32  stm32f4xx_hal_cortex.o(i.NVIC_SetPriority)
    i.SPI_WaitOnFlagUntilTimeout             0x08003eec   Section        0  stm32f4xx_hal_spi.o(i.SPI_WaitOnFlagUntilTimeout)
    SPI_WaitOnFlagUntilTimeout               0x08003eed   Thumb Code   276  stm32f4xx_hal_spi.o(i.SPI_WaitOnFlagUntilTimeout)
    i.Step_s2_2_Acc                          0x08004000   Section        0  l6470.o(i.Step_s2_2_Acc)
    i.Step_s2_2_Dec                          0x08004030   Section        0  l6470.o(i.Step_s2_2_Dec)
    i.Step_s_2_FsSpd                         0x08004060   Section        0  l6470.o(i.Step_s_2_FsSpd)
    i.Step_s_2_IntSpeed                      0x080040b4   Section        0  l6470.o(i.Step_s_2_IntSpeed)
    i.Step_s_2_MaxSpeed                      0x080040e4   Section        0  l6470.o(i.Step_s_2_MaxSpeed)
    i.Step_s_2_MinSpeed                      0x08004114   Section        0  l6470.o(i.Step_s_2_MinSpeed)
    i.SysTick_Handler                        0x08004144   Section        0  stm32f4xx_it.o(i.SysTick_Handler)
    i.SystemClock_Config                     0x08004150   Section        0  xnucleoihm02a1_interface.o(i.SystemClock_Config)
    i.SystemInit                             0x080041e8   Section        0  system_stm32f4xx.o(i.SystemInit)
    i.UART_EndTransmit_IT                    0x0800424c   Section        0  stm32f4xx_hal_uart.o(i.UART_EndTransmit_IT)
    UART_EndTransmit_IT                      0x0800424d   Thumb Code    72  stm32f4xx_hal_uart.o(i.UART_EndTransmit_IT)
    i.UART_Receive_IT                        0x08004294   Section        0  stm32f4xx_hal_uart.o(i.UART_Receive_IT)
    UART_Receive_IT                          0x08004295   Thumb Code   188  stm32f4xx_hal_uart.o(i.UART_Receive_IT)
    i.UART_SetConfig                         0x08004350   Section        0  stm32f4xx_hal_uart.o(i.UART_SetConfig)
    UART_SetConfig                           0x08004351   Thumb Code   640  stm32f4xx_hal_uart.o(i.UART_SetConfig)
    i.UART_Transmit_IT                       0x08004618   Section        0  stm32f4xx_hal_uart.o(i.UART_Transmit_IT)
    UART_Transmit_IT                         0x08004619   Thumb Code   112  stm32f4xx_hal_uart.o(i.UART_Transmit_IT)
    i.UART_WaitOnFlagUntilTimeout            0x08004688   Section        0  stm32f4xx_hal_uart.o(i.UART_WaitOnFlagUntilTimeout)
    UART_WaitOnFlagUntilTimeout              0x08004689   Thumb Code   250  stm32f4xx_hal_uart.o(i.UART_WaitOnFlagUntilTimeout)
    i.USART2_IRQHandler                      0x08004784   Section        0  stm32f4xx_it.o(i.USART2_IRQHandler)
    i.USART_CheckAppCmd                      0x08004798   Section        0  example_usart.o(i.USART_CheckAppCmd)
    i.USART_CheckTextCommandBundle           0x080047d8   Section        0  example_usart.o(i.USART_CheckTextCommandBundle)
    i.USART_DecodeTextString                 0x08005024   Section        0  example_usart.o(i.USART_DecodeTextString)
    i.USART_ITCharManager                    0x08005220   Section        0  example_usart.o(i.USART_ITCharManager)
    i.USART_PrintAllRegisterValues           0x0800529c   Section        0  example_usart.o(i.USART_PrintAllRegisterValues)
    i.USART_PrintRegisterValues              0x080052d8   Section        0  example_usart.o(i.USART_PrintRegisterValues)
    i.USART_SplitTextString                  0x080053cc   Section        0  example_usart.o(i.USART_SplitTextString)
    i.USART_Transmit                         0x080055c8   Section        0  example_usart.o(i.USART_Transmit)
    i.USART_TxWelcomeMessage                 0x080055f0   Section        0  example_usart.o(i.USART_TxWelcomeMessage)
    i.User_LED_Blinking                      0x08005714   Section        0  xnucleoihm02a1_interface.o(i.User_LED_Blinking)
    i.__scatterload_copy                     0x08005746   Section       14  handlers.o(i.__scatterload_copy)
    i.__scatterload_null                     0x08005754   Section        2  handlers.o(i.__scatterload_null)
    i.__scatterload_zeroinit                 0x08005756   Section       14  handlers.o(i.__scatterload_zeroinit)
    i.assert_failed                          0x08005764   Section        0  main.o(i.assert_failed)
    i.mA_2_OcdTh                             0x08005768   Section        0  l6470.o(i.mA_2_OcdTh)
    i.mA_2_StallTh                           0x080057cc   Section        0  l6470.o(i.mA_2_StallTh)
    i.main                                   0x08005830   Section        0  main.o(i.main)
    i.num2hex                                0x0800584c   Section        0  example_usart.o(i.num2hex)
    i.s_Step_2_FnSlpAcc                      0x080058c0   Section        0  l6470.o(i.s_Step_2_FnSlpAcc)
    i.s_Step_2_FnSlpDec                      0x080058f0   Section        0  l6470.o(i.s_Step_2_FnSlpDec)
    i.s_Step_2_StSlp                         0x08005920   Section        0  l6470.o(i.s_Step_2_StSlp)
    i.str2num                                0x08005950   Section        0  example_usart.o(i.str2num)
    .constdata                               0x080059a0   Section      794  l6470.o(.constdata)
    .constdata                               0x08005cba   Section       16  stm32f4xx_hal_rcc.o(.constdata)
    .constdata                               0x08005cca   Section        5  stm32f4xx_nucleo.o(.constdata)
    .constdata                               0x08005cd0   Section      704  params.o(.constdata)
    .conststring                             0x08005f90   Section      146  example_usart.o(.conststring)
    .data                                    0x20000000   Section      173  l6470.o(.data)
    .data                                    0x200000b0   Section        4  stm32f4xx_hal.o(.data)
    uwTick                                   0x200000b0   Data           4  stm32f4xx_hal.o(.data)
    .data                                    0x200000b4   Section       12  stm32f4xx_nucleo.o(.data)
    .data                                    0x200000c0   Section      708  xnucleoihm02a1.o(.data)
    .data                                    0x20000384   Section        8  example_usart.o(.data)
    ReceivedValue                            0x20000384   Data           8  example_usart.o(.data)
    .data                                    0x2000038c   Section        4  system_stm32f4xx.o(.data)
    .bss                                     0x20000390   Section       32  l6470.o(.bss)
    .bss                                     0x200003b0   Section       12  xnucleoihm02a1.o(.bss)
    .bss                                     0x200003bc   Section      244  xnucleoihm02a1_interface.o(.bss)
    .bss                                     0x200004b0   Section      259  example_usart.o(.bss)
    HexValue                                 0x200005aa   Data           9  example_usart.o(.bss)
    STACK                                    0x200005b8   Section     1024  startup_stm32f401xe.o(STACK)

    Global Symbols

    Symbol Name                              Value     Ov Type        Size  Object(Section)

    BuildAttributes$$THM_ISAv4$E$P$D$K$B$S$7EM$VFPi3$EXTD16$VFPS$VFMA$PE$A:L22UL41UL21$X:L11$S22US41US21$IEEE1$IW$USESV6$~STKCKD$USESV7$~SHL$OTIME$ROPI$EBA8$MICROLIB$REQ8$PRES8$EABIv2 0x00000000   Number         0  anon$$obj.o ABSOLUTE
    __ARM_use_no_argv                        0x00000000   Number         0  main.o ABSOLUTE
    __cpp_initialize__aeabi_                  - Undefined Weak Reference
    __cxa_finalize                            - Undefined Weak Reference
    _clock_init                               - Undefined Weak Reference
    _microlib_exit                            - Undefined Weak Reference
    __Vectors_Size                           0x00000194   Number         0  startup_stm32f401xe.o ABSOLUTE
    __Vectors                                0x08000000   Data           4  startup_stm32f401xe.o(RESET)
    __Vectors_End                            0x08000194   Data           0  startup_stm32f401xe.o(RESET)
    __main                                   0x08000195   Thumb Code     0  entry.o(.ARM.Collect$$$$00000000)
    _main_stk                                0x08000195   Thumb Code     0  entry2.o(.ARM.Collect$$$$00000001)
    _main_scatterload                        0x08000199   Thumb Code     0  entry5.o(.ARM.Collect$$$$00000004)
    __main_after_scatterload                 0x0800019d   Thumb Code     0  entry5.o(.ARM.Collect$$$$00000004)
    _main_clock                              0x0800019d   Thumb Code     0  entry7b.o(.ARM.Collect$$$$00000008)
    _main_cpp_init                           0x0800019d   Thumb Code     0  entry8b.o(.ARM.Collect$$$$0000000A)
    _main_init                               0x0800019d   Thumb Code     0  entry9a.o(.ARM.Collect$$$$0000000B)
    __rt_final_cpp                           0x080001a5   Thumb Code     0  entry10a.o(.ARM.Collect$$$$0000000D)
    __rt_final_exit                          0x080001a5   Thumb Code     0  entry11a.o(.ARM.Collect$$$$0000000F)
    Reset_Handler                            0x080001a9   Thumb Code     8  startup_stm32f401xe.o(.text)
    NMI_Handler                              0x080001b1   Thumb Code     2  startup_stm32f401xe.o(.text)
    HardFault_Handler                        0x080001b3   Thumb Code     2  startup_stm32f401xe.o(.text)
    MemManage_Handler                        0x080001b5   Thumb Code     2  startup_stm32f401xe.o(.text)
    BusFault_Handler                         0x080001b7   Thumb Code     2  startup_stm32f401xe.o(.text)
    UsageFault_Handler                       0x080001b9   Thumb Code     2  startup_stm32f401xe.o(.text)
    SVC_Handler                              0x080001bb   Thumb Code     2  startup_stm32f401xe.o(.text)
    DebugMon_Handler                         0x080001bd   Thumb Code     2  startup_stm32f401xe.o(.text)
    PendSV_Handler                           0x080001bf   Thumb Code     2  startup_stm32f401xe.o(.text)
    ADC_IRQHandler                           0x080001c3   Thumb Code     0  startup_stm32f401xe.o(.text)
    DMA1_Stream0_IRQHandler                  0x080001c3   Thumb Code     0  startup_stm32f401xe.o(.text)
    DMA1_Stream1_IRQHandler                  0x080001c3   Thumb Code     0  startup_stm32f401xe.o(.text)
    DMA1_Stream2_IRQHandler                  0x080001c3   Thumb Code     0  startup_stm32f401xe.o(.text)
    DMA1_Stream3_IRQHandler                  0x080001c3   Thumb Code     0  startup_stm32f401xe.o(.text)
    DMA1_Stream4_IRQHandler                  0x080001c3   Thumb Code     0  startup_stm32f401xe.o(.text)
    DMA1_Stream5_IRQHandler                  0x080001c3   Thumb Code     0  startup_stm32f401xe.o(.text)
    DMA1_Stream6_IRQHandler                  0x080001c3   Thumb Code     0  startup_stm32f401xe.o(.text)
    DMA1_Stream7_IRQHandler                  0x080001c3   Thumb Code     0  startup_stm32f401xe.o(.text)
    DMA2_Stream0_IRQHandler                  0x080001c3   Thumb Code     0  startup_stm32f401xe.o(.text)
    DMA2_Stream1_IRQHandler                  0x080001c3   Thumb Code     0  startup_stm32f401xe.o(.text)
    DMA2_Stream2_IRQHandler                  0x080001c3   Thumb Code     0  startup_stm32f401xe.o(.text)
    DMA2_Stream3_IRQHandler                  0x080001c3   Thumb Code     0  startup_stm32f401xe.o(.text)
    DMA2_Stream4_IRQHandler                  0x080001c3   Thumb Code     0  startup_stm32f401xe.o(.text)
    DMA2_Stream5_IRQHandler                  0x080001c3   Thumb Code     0  startup_stm32f401xe.o(.text)
    DMA2_Stream6_IRQHandler                  0x080001c3   Thumb Code     0  startup_stm32f401xe.o(.text)
    DMA2_Stream7_IRQHandler                  0x080001c3   Thumb Code     0  startup_stm32f401xe.o(.text)
    EXTI2_IRQHandler                         0x080001c3   Thumb Code     0  startup_stm32f401xe.o(.text)
    EXTI3_IRQHandler                         0x080001c3   Thumb Code     0  startup_stm32f401xe.o(.text)
    EXTI4_IRQHandler                         0x080001c3   Thumb Code     0  startup_stm32f401xe.o(.text)
    EXTI9_5_IRQHandler                       0x080001c3   Thumb Code     0  startup_stm32f401xe.o(.text)
    FLASH_IRQHandler                         0x080001c3   Thumb Code     0  startup_stm32f401xe.o(.text)
    FPU_IRQHandler                           0x080001c3   Thumb Code     0  startup_stm32f401xe.o(.text)
    I2C1_ER_IRQHandler                       0x080001c3   Thumb Code     0  startup_stm32f401xe.o(.text)
    I2C1_EV_IRQHandler                       0x080001c3   Thumb Code     0  startup_stm32f401xe.o(.text)
    I2C2_ER_IRQHandler                       0x080001c3   Thumb Code     0  startup_stm32f401xe.o(.text)
    I2C2_EV_IRQHandler                       0x080001c3   Thumb Code     0  startup_stm32f401xe.o(.text)
    I2C3_ER_IRQHandler                       0x080001c3   Thumb Code     0  startup_stm32f401xe.o(.text)
    I2C3_EV_IRQHandler                       0x080001c3   Thumb Code     0  startup_stm32f401xe.o(.text)
    OTG_FS_IRQHandler                        0x080001c3   Thumb Code     0  startup_stm32f401xe.o(.text)
    OTG_FS_WKUP_IRQHandler                   0x080001c3   Thumb Code     0  startup_stm32f401xe.o(.text)
    PVD_IRQHandler                           0x080001c3   Thumb Code     0  startup_stm32f401xe.o(.text)
    RCC_IRQHandler                           0x080001c3   Thumb Code     0  startup_stm32f401xe.o(.text)
    RTC_Alarm_IRQHandler                     0x080001c3   Thumb Code     0  startup_stm32f401xe.o(.text)
    RTC_WKUP_IRQHandler                      0x080001c3   Thumb Code     0  startup_stm32f401xe.o(.text)
    SDIO_IRQHandler                          0x080001c3   Thumb Code     0  startup_stm32f401xe.o(.text)
    SPI1_IRQHandler                          0x080001c3   Thumb Code     0  startup_stm32f401xe.o(.text)
    SPI2_IRQHandler                          0x080001c3   Thumb Code     0  startup_stm32f401xe.o(.text)
    SPI3_IRQHandler                          0x080001c3   Thumb Code     0  startup_stm32f401xe.o(.text)
    SPI4_IRQHandler                          0x080001c3   Thumb Code     0  startup_stm32f401xe.o(.text)
    TAMP_STAMP_IRQHandler                    0x080001c3   Thumb Code     0  startup_stm32f401xe.o(.text)
    TIM1_BRK_TIM9_IRQHandler                 0x080001c3   Thumb Code     0  startup_stm32f401xe.o(.text)
    TIM1_CC_IRQHandler                       0x080001c3   Thumb Code     0  startup_stm32f401xe.o(.text)
    TIM1_TRG_COM_TIM11_IRQHandler            0x080001c3   Thumb Code     0  startup_stm32f401xe.o(.text)
    TIM1_UP_TIM10_IRQHandler                 0x080001c3   Thumb Code     0  startup_stm32f401xe.o(.text)
    TIM2_IRQHandler                          0x080001c3   Thumb Code     0  startup_stm32f401xe.o(.text)
    TIM3_IRQHandler                          0x080001c3   Thumb Code     0  startup_stm32f401xe.o(.text)
    TIM4_IRQHandler                          0x080001c3   Thumb Code     0  startup_stm32f401xe.o(.text)
    TIM5_IRQHandler                          0x080001c3   Thumb Code     0  startup_stm32f401xe.o(.text)
    USART1_IRQHandler                        0x080001c3   Thumb Code     0  startup_stm32f401xe.o(.text)
    USART6_IRQHandler                        0x080001c3   Thumb Code     0  startup_stm32f401xe.o(.text)
    WWDG_IRQHandler                          0x080001c3   Thumb Code     0  startup_stm32f401xe.o(.text)
    __aeabi_f2d                              0x080001cd   Thumb Code    38  f2d.o(.text)
    __aeabi_cdcmpeq                          0x080001f5   Thumb Code     0  cdcmple.o(.text)
    __aeabi_cdcmple                          0x080001f5   Thumb Code    48  cdcmple.o(.text)
    __I$use$fp                               0x08000225   Thumb Code     0  iusefp.o(.text)
    __scatterload                            0x08000225   Thumb Code    28  init.o(.text)
    __scatterload_rt2                        0x08000225   Thumb Code     0  init.o(.text)
    __decompress                             0x08000249   Thumb Code     0  __dczerorl2.o(.text)
    __decompress1                            0x08000249   Thumb Code    86  __dczerorl2.o(.text)
    BSP_0_Config                             0x08000471   Thumb Code    16  xnucleoihm02a1.o(i.BSP_0_Config)
    BSP_1_Config                             0x08000485   Thumb Code    16  xnucleoihm02a1.o(i.BSP_1_Config)
    BSP_2_Config                             0x08000499   Thumb Code    16  xnucleoihm02a1.o(i.BSP_2_Config)
    BSP_3_Config                             0x080004ad   Thumb Code    16  xnucleoihm02a1.o(i.BSP_3_Config)
    BSP_Config                               0x080004c1   Thumb Code    32  xnucleoihm02a1.o(i.BSP_Config)
    BSP_EmergencyStop                        0x080004e1   Thumb Code    16  xnucleoihm02a1.o(i.BSP_EmergencyStop)
    BSP_GetExpansionBoardHandle              0x080004f5   Thumb Code    70  xnucleoihm02a1.o(i.BSP_GetExpansionBoardHandle)
    BSP_IRQ                                  0x08000541   Thumb Code    36  xnucleoihm02a1.o(i.BSP_IRQ)
    BSP_Init                                 0x08000565   Thumb Code    30  xnucleoihm02a1.o(i.BSP_Init)
    BSP_L6470_0_0_Config                     0x08000585   Thumb Code    16  xnucleoihm02a1.o(i.BSP_L6470_0_0_Config)
    BSP_L6470_0_1_Config                     0x08000599   Thumb Code    16  xnucleoihm02a1.o(i.BSP_L6470_0_1_Config)
    BSP_L6470_1_0_Config                     0x080005ad   Thumb Code    16  xnucleoihm02a1.o(i.BSP_L6470_1_0_Config)
    BSP_L6470_1_1_Config                     0x080005c1   Thumb Code    16  xnucleoihm02a1.o(i.BSP_L6470_1_1_Config)
    BSP_L6470_2_0_Config                     0x080005d5   Thumb Code    16  xnucleoihm02a1.o(i.BSP_L6470_2_0_Config)
    BSP_L6470_2_1_Config                     0x080005e9   Thumb Code    16  xnucleoihm02a1.o(i.BSP_L6470_2_1_Config)
    BSP_L6470_3_0_Config                     0x080005fd   Thumb Code    16  xnucleoihm02a1.o(i.BSP_L6470_3_0_Config)
    BSP_L6470_3_1_Config                     0x08000611   Thumb Code    16  xnucleoihm02a1.o(i.BSP_L6470_3_1_Config)
    BSP_L6470_BusySynchEventManager          0x08000625   Thumb Code     4  xnucleoihm02a1.o(i.BSP_L6470_BusySynchEventManager)
    BSP_L6470_CheckStatusRegisterFlag        0x08000629   Thumb Code    30  xnucleoihm02a1.o(i.BSP_L6470_CheckStatusRegisterFlag)
    BSP_L6470_FlagEventManager               0x08000647   Thumb Code     4  xnucleoihm02a1.o(i.BSP_L6470_FlagEventManager)
    BSP_L6470_GetParam                       0x0800064b   Thumb Code    30  xnucleoihm02a1.o(i.BSP_L6470_GetParam)
    BSP_L6470_GetStatus                      0x08000669   Thumb Code    26  xnucleoihm02a1.o(i.BSP_L6470_GetStatus)
    BSP_L6470_GoHome                         0x08000683   Thumb Code    22  xnucleoihm02a1.o(i.BSP_L6470_GoHome)
    BSP_L6470_GoMark                         0x08000699   Thumb Code    22  xnucleoihm02a1.o(i.BSP_L6470_GoMark)
    BSP_L6470_GoTo                           0x080006af   Thumb Code    26  xnucleoihm02a1.o(i.BSP_L6470_GoTo)
    BSP_L6470_GoToDir                        0x080006c9   Thumb Code    34  xnucleoihm02a1.o(i.BSP_L6470_GoToDir)
    BSP_L6470_GoUntil                        0x080006eb   Thumb Code    40  xnucleoihm02a1.o(i.BSP_L6470_GoUntil)
    BSP_L6470_HardHiZ                        0x08000713   Thumb Code    22  xnucleoihm02a1.o(i.BSP_L6470_HardHiZ)
    BSP_L6470_HardStop                       0x08000729   Thumb Code    22  xnucleoihm02a1.o(i.BSP_L6470_HardStop)
    BSP_L6470_Init                           0x08000741   Thumb Code   118  xnucleoihm02a1.o(i.BSP_L6470_Init)
    BSP_L6470_Move                           0x080007c1   Thumb Code    34  xnucleoihm02a1.o(i.BSP_L6470_Move)
    BSP_L6470_ReleaseSW                      0x080007e3   Thumb Code    34  xnucleoihm02a1.o(i.BSP_L6470_ReleaseSW)
    BSP_L6470_ResetDevice                    0x08000805   Thumb Code    22  xnucleoihm02a1.o(i.BSP_L6470_ResetDevice)
    BSP_L6470_ResetPos                       0x0800081b   Thumb Code    22  xnucleoihm02a1.o(i.BSP_L6470_ResetPos)
    BSP_L6470_Run                            0x08000831   Thumb Code    34  xnucleoihm02a1.o(i.BSP_L6470_Run)
    BSP_L6470_SetParam                       0x08000853   Thumb Code    34  xnucleoihm02a1.o(i.BSP_L6470_SetParam)
    BSP_L6470_SoftHiZ                        0x08000875   Thumb Code    22  xnucleoihm02a1.o(i.BSP_L6470_SoftHiZ)
    BSP_L6470_SoftStop                       0x0800088b   Thumb Code    22  xnucleoihm02a1.o(i.BSP_L6470_SoftStop)
    BSP_L6470_StepClock                      0x080008a1   Thumb Code    26  xnucleoihm02a1.o(i.BSP_L6470_StepClock)
    BSP_LED_Init                             0x080008bd   Thumb Code    92  stm32f4xx_nucleo.o(i.BSP_LED_Init)
    BSP_LED_Off                              0x08000925   Thumb Code    24  stm32f4xx_nucleo.o(i.BSP_LED_Off)
    BSP_LED_On                               0x08000945   Thumb Code    24  stm32f4xx_nucleo.o(i.BSP_LED_On)
    BSP_NUCLEO_GPIO_Init                     0x08000965   Thumb Code   232  xnucleoihm02a1.o(i.BSP_NUCLEO_GPIO_Init)
    BSP_PB_Init                              0x08000a65   Thumb Code   134  stm32f4xx_nucleo.o(i.BSP_PB_Init)
    BSP_Select                               0x08000b01   Thumb Code    60  xnucleoihm02a1.o(i.BSP_Select)
    CompareTwoTextString                     0x08000b45   Thumb Code    36  example_usart.o(i.CompareTwoTextString)
    EXPBRD_ID                                0x08000b69   Thumb Code    14  xnucleoihm02a1.o(i.EXPBRD_ID)
    EXTI0_IRQHandler                         0x08000b79   Thumb Code    24  stm32f4xx_it.o(i.EXTI0_IRQHandler)
    EXTI15_10_IRQHandler                     0x08000b95   Thumb Code    26  stm32f4xx_it.o(i.EXTI15_10_IRQHandler)
    EXTI1_IRQHandler                         0x08000bb5   Thumb Code    24  stm32f4xx_it.o(i.EXTI1_IRQHandler)
    Fill_L6470_DaisyChainMnemonic            0x08000bd1   Thumb Code   240  example_usart.o(i.Fill_L6470_DaisyChainMnemonic)
    GetMotorParameterInitData                0x08000cc5   Thumb Code     4  params.o(i.GetMotorParameterInitData)
    HAL_ADC_ConfigChannel                    0x08000ccd   Thumb Code   486  stm32f4xx_hal_adc.o(i.HAL_ADC_ConfigChannel)
    HAL_ADC_Init                             0x08000f01   Thumb Code   522  stm32f4xx_hal_adc.o(i.HAL_ADC_Init)
    HAL_ADC_MspInit                          0x08001151   Thumb Code    98  stm32f4xx_hal_msp.o(i.HAL_ADC_MspInit)
    HAL_Delay                                0x080011c1   Thumb Code    26  stm32f4xx_hal.o(i.HAL_Delay)
    HAL_GPIO_Init                            0x080011dd   Thumb Code   828  stm32f4xx_hal_gpio.o(i.HAL_GPIO_Init)
    HAL_GPIO_WritePin                        0x08001591   Thumb Code    54  stm32f4xx_hal_gpio.o(i.HAL_GPIO_WritePin)
    HAL_GetTick                              0x08001605   Thumb Code     6  stm32f4xx_hal.o(i.HAL_GetTick)
    HAL_IncTick                              0x08001611   Thumb Code    12  stm32f4xx_hal.o(i.HAL_IncTick)
    HAL_Init                                 0x08001621   Thumb Code    54  stm32f4xx_hal.o(i.HAL_Init)
    HAL_InitTick                             0x0800165d   Thumb Code    36  stm32f4xx_hal.o(i.HAL_InitTick)
    HAL_MspInit                              0x08001681   Thumb Code    20  stm32f4xx_hal_msp.o(i.HAL_MspInit)
    HAL_NVIC_DisableIRQ                      0x08001695   Thumb Code    40  stm32f4xx_hal_cortex.o(i.HAL_NVIC_DisableIRQ)
    HAL_NVIC_EnableIRQ                       0x08001701   Thumb Code    44  stm32f4xx_hal_cortex.o(i.HAL_NVIC_EnableIRQ)
    HAL_NVIC_SetPriority                     0x0800176d   Thumb Code   152  stm32f4xx_hal_cortex.o(i.HAL_NVIC_SetPriority)
    HAL_NVIC_SetPriorityGrouping             0x08001845   Thumb Code    66  stm32f4xx_hal_cortex.o(i.HAL_NVIC_SetPriorityGrouping)
    HAL_RCC_ClockConfig                      0x080018d1   Thumb Code  1108  stm32f4xx_hal_rcc.o(i.HAL_RCC_ClockConfig)
    HAL_RCC_GetHCLKFreq                      0x08001d25   Thumb Code    42  stm32f4xx_hal_rcc.o(i.HAL_RCC_GetHCLKFreq)
    HAL_RCC_GetPCLK1Freq                     0x08001d5d   Thumb Code    36  stm32f4xx_hal_rcc.o(i.HAL_RCC_GetPCLK1Freq)
    HAL_RCC_GetPCLK2Freq                     0x08001d89   Thumb Code    36  stm32f4xx_hal_rcc.o(i.HAL_RCC_GetPCLK2Freq)
    HAL_RCC_GetSysClockFreq                  0x08001db5   Thumb Code   168  stm32f4xx_hal_rcc.o(i.HAL_RCC_GetSysClockFreq)
    HAL_RCC_OscConfig                        0x08001e69   Thumb Code  1386  stm32f4xx_hal_rcc.o(i.HAL_RCC_OscConfig)
    HAL_SPI_Init                             0x080023dd   Thumb Code   420  stm32f4xx_hal_spi.o(i.HAL_SPI_Init)
    HAL_SPI_MspInit                          0x080025bd   Thumb Code   260  stm32f4xx_hal_msp.o(i.HAL_SPI_MspInit)
    HAL_SPI_TransmitReceive                  0x080026d5   Thumb Code   866  stm32f4xx_hal_spi.o(i.HAL_SPI_TransmitReceive)
    HAL_SYSTICK_Callback                     0x08002a75   Thumb Code     2  stm32f4xx_hal_cortex.o(i.HAL_SYSTICK_Callback)
    HAL_SYSTICK_Config                       0x08002a77   Thumb Code    52  stm32f4xx_hal_cortex.o(i.HAL_SYSTICK_Config)
    HAL_SYSTICK_IRQHandler                   0x08002aab   Thumb Code     8  stm32f4xx_hal_cortex.o(i.HAL_SYSTICK_IRQHandler)
    HAL_UART_ErrorCallback                   0x08002ab3   Thumb Code     2  stm32f4xx_hal_uart.o(i.HAL_UART_ErrorCallback)
    HAL_UART_IRQHandler                      0x08002ab5   Thumb Code   288  stm32f4xx_hal_uart.o(i.HAL_UART_IRQHandler)
    HAL_UART_Init                            0x08002bd5   Thumb Code   266  stm32f4xx_hal_uart.o(i.HAL_UART_Init)
    HAL_UART_MspInit                         0x08002d29   Thumb Code   122  stm32f4xx_hal_msp.o(i.HAL_UART_MspInit)
    HAL_UART_Receive_IT                      0x08002db1   Thumb Code   134  stm32f4xx_hal_uart.o(i.HAL_UART_Receive_IT)
    HAL_UART_RxCpltCallback                  0x08002e37   Thumb Code     2  stm32f4xx_hal_uart.o(i.HAL_UART_RxCpltCallback)
    HAL_UART_Transmit                        0x08002e39   Thumb Code   240  stm32f4xx_hal_uart.o(i.HAL_UART_Transmit)
    HAL_UART_TxCpltCallback                  0x08002f29   Thumb Code     2  stm32f4xx_hal_uart.o(i.HAL_UART_TxCpltCallback)
    L6470_CheckStatusRegisterFlag            0x08002f2d   Thumb Code   230  l6470.o(i.L6470_CheckStatusRegisterFlag)
    L6470_Config                             0x08003019   Thumb Code   586  l6470.o(i.L6470_Config)
    L6470_DaisyChainCommand                  0x08003269   Thumb Code    98  l6470.o(i.L6470_DaisyChainCommand)
    L6470_ExtractReturnedData                0x080032dd   Thumb Code    36  l6470.o(i.L6470_ExtractReturnedData)
    L6470_FillAppCmdPkg                      0x08003301   Thumb Code    32  l6470.o(i.L6470_FillAppCmdPkg)
    L6470_GetParam                           0x08003321   Thumb Code    72  l6470.o(i.L6470_GetParam)
    L6470_GetRegisterName                    0x08003379   Thumb Code    24  l6470.o(i.L6470_GetRegisterName)
    L6470_GetStatus                          0x08003399   Thumb Code    54  l6470.o(i.L6470_GetStatus)
    L6470_GoHome                             0x080033dd   Thumb Code    40  l6470.o(i.L6470_GoHome)
    L6470_GoMark                             0x08003411   Thumb Code    40  l6470.o(i.L6470_GoMark)
    L6470_GoTo                               0x08003445   Thumb Code    48  l6470.o(i.L6470_GoTo)
    L6470_GoToDir                            0x08003481   Thumb Code    50  l6470.o(i.L6470_GoToDir)
    L6470_GoUntil                            0x080034c1   Thumb Code    48  l6470.o(i.L6470_GoUntil)
    L6470_HardHiZ                            0x080034fd   Thumb Code    40  l6470.o(i.L6470_HardHiZ)
    L6470_HardStop                           0x08003531   Thumb Code    40  l6470.o(i.L6470_HardStop)
    L6470_ID                                 0x08003565   Thumb Code    20  l6470.o(i.L6470_ID)
    L6470_Move                               0x08003579   Thumb Code    44  l6470.o(i.L6470_Move)
    L6470_PerformPreparedApplicationCommand  0x080035b1   Thumb Code    22  l6470.o(i.L6470_PerformPreparedApplicationCommand)
    L6470_PrepareAppCmdPkg                   0x080035d5   Thumb Code    54  l6470.o(i.L6470_PrepareAppCmdPkg)
    L6470_PrepareDaisyChainCommand           0x08003611   Thumb Code   630  l6470.o(i.L6470_PrepareDaisyChainCommand)
    L6470_PrepareGetParam                    0x08003899   Thumb Code    26  l6470.o(i.L6470_PrepareGetParam)
    L6470_PrepareGetStatus                   0x080038b9   Thumb Code    24  l6470.o(i.L6470_PrepareGetStatus)
    L6470_PrepareGoHome                      0x080038d5   Thumb Code    24  l6470.o(i.L6470_PrepareGoHome)
    L6470_PrepareGoMark                      0x080038f1   Thumb Code    24  l6470.o(i.L6470_PrepareGoMark)
    L6470_PrepareGoTo                        0x0800390d   Thumb Code    26  l6470.o(i.L6470_PrepareGoTo)
    L6470_PrepareGoToDir                     0x0800392d   Thumb Code    28  l6470.o(i.L6470_PrepareGoToDir)
    L6470_PrepareGoUntil                     0x0800394d   Thumb Code    28  l6470.o(i.L6470_PrepareGoUntil)
    L6470_PrepareHardHiZ                     0x0800396d   Thumb Code    24  l6470.o(i.L6470_PrepareHardHiZ)
    L6470_PrepareHardStop                    0x08003989   Thumb Code    24  l6470.o(i.L6470_PrepareHardStop)
    L6470_PrepareMove                        0x080039a5   Thumb Code    28  l6470.o(i.L6470_PrepareMove)
    L6470_PrepareReleaseSW                   0x080039c5   Thumb Code    28  l6470.o(i.L6470_PrepareReleaseSW)
    L6470_PrepareResetDevice                 0x080039e5   Thumb Code    24  l6470.o(i.L6470_PrepareResetDevice)
    L6470_PrepareResetPos                    0x08003a01   Thumb Code    24  l6470.o(i.L6470_PrepareResetPos)
    L6470_PrepareRun                         0x08003a1d   Thumb Code    28  l6470.o(i.L6470_PrepareRun)
    L6470_PrepareSetParam                    0x08003a3d   Thumb Code    28  l6470.o(i.L6470_PrepareSetParam)
    L6470_PrepareSoftHiZ                     0x08003a5d   Thumb Code    24  l6470.o(i.L6470_PrepareSoftHiZ)
    L6470_PrepareSoftStop                    0x08003a79   Thumb Code    24  l6470.o(i.L6470_PrepareSoftStop)
    L6470_PrepareStepClock                   0x08003a95   Thumb Code    26  l6470.o(i.L6470_PrepareStepClock)
    L6470_ReleaseSW                          0x08003ab5   Thumb Code    44  l6470.o(i.L6470_ReleaseSW)
    L6470_ResetAppCmdPkg                     0x08003aed   Thumb Code    42  l6470.o(i.L6470_ResetAppCmdPkg)
    L6470_ResetDevice                        0x08003b19   Thumb Code    40  l6470.o(i.L6470_ResetDevice)
    L6470_ResetPos                           0x08003b4d   Thumb Code    40  l6470.o(i.L6470_ResetPos)
    L6470_Run                                0x08003b81   Thumb Code    44  l6470.o(i.L6470_Run)
    L6470_SetParam                           0x08003bb9   Thumb Code    44  l6470.o(i.L6470_SetParam)
    L6470_SoftHiZ                            0x08003bf1   Thumb Code    40  l6470.o(i.L6470_SoftHiZ)
    L6470_SoftStop                           0x08003c25   Thumb Code    40  l6470.o(i.L6470_SoftStop)
    L6470_StepClock                          0x08003c59   Thumb Code    42  l6470.o(i.L6470_StepClock)
    MX_ADC1_Init                             0x08003c91   Thumb Code    64  xnucleoihm02a1_interface.o(i.MX_ADC1_Init)
    MX_GPIO_Init                             0x08003cdd   Thumb Code    72  xnucleoihm02a1_interface.o(i.MX_GPIO_Init)
    MX_SPI1_Init                             0x08003d29   Thumb Code   134  xnucleoihm02a1_interface.o(i.MX_SPI1_Init)
    MX_SPI_Init                              0x08003dbd   Thumb Code     8  xnucleoihm02a1_interface.o(i.MX_SPI_Init)
    MX_USART2_Init                           0x08003dc5   Thumb Code    40  xnucleoihm02a1_interface.o(i.MX_USART2_Init)
    Motor_Param_Reg_Init                     0x08003df5   Thumb Code    84  example_usart.o(i.Motor_Param_Reg_Init)
    NUCLEO_Board_Init                        0x08003e8d   Thumb Code    38  xnucleoihm02a1_interface.o(i.NUCLEO_Board_Init)
    Step_s2_2_Acc                            0x08004001   Thumb Code    38  l6470.o(i.Step_s2_2_Acc)
    Step_s2_2_Dec                            0x08004031   Thumb Code    38  l6470.o(i.Step_s2_2_Dec)
    Step_s_2_FsSpd                           0x08004061   Thumb Code    72  l6470.o(i.Step_s_2_FsSpd)
    Step_s_2_IntSpeed                        0x080040b5   Thumb Code    38  l6470.o(i.Step_s_2_IntSpeed)
    Step_s_2_MaxSpeed                        0x080040e5   Thumb Code    38  l6470.o(i.Step_s_2_MaxSpeed)
    Step_s_2_MinSpeed                        0x08004115   Thumb Code    38  l6470.o(i.Step_s_2_MinSpeed)
    SysTick_Handler                          0x08004145   Thumb Code    12  stm32f4xx_it.o(i.SysTick_Handler)
    SystemClock_Config                       0x08004151   Thumb Code   142  xnucleoihm02a1_interface.o(i.SystemClock_Config)
    SystemInit                               0x080041e9   Thumb Code    82  system_stm32f4xx.o(i.SystemInit)
    USART2_IRQHandler                        0x08004785   Thumb Code    16  stm32f4xx_it.o(i.USART2_IRQHandler)
    USART_CheckAppCmd                        0x08004799   Thumb Code    42  example_usart.o(i.USART_CheckAppCmd)
    USART_CheckTextCommandBundle             0x080047d9   Thumb Code  2002  example_usart.o(i.USART_CheckTextCommandBundle)
    USART_DecodeTextString                   0x08005025   Thumb Code   358  example_usart.o(i.USART_DecodeTextString)
    USART_ITCharManager                      0x08005221   Thumb Code   120  example_usart.o(i.USART_ITCharManager)
    USART_PrintAllRegisterValues             0x0800529d   Thumb Code    60  example_usart.o(i.USART_PrintAllRegisterValues)
    USART_PrintRegisterValues                0x080052d9   Thumb Code   170  example_usart.o(i.USART_PrintRegisterValues)
    USART_SplitTextString                    0x080053cd   Thumb Code   402  example_usart.o(i.USART_SplitTextString)
    USART_Transmit                           0x080055c9   Thumb Code    40  example_usart.o(i.USART_Transmit)
    USART_TxWelcomeMessage                   0x080055f1   Thumb Code    76  example_usart.o(i.USART_TxWelcomeMessage)
    User_LED_Blinking                        0x08005715   Thumb Code    50  xnucleoihm02a1_interface.o(i.User_LED_Blinking)
    __scatterload_copy                       0x08005747   Thumb Code    14  handlers.o(i.__scatterload_copy)
    __scatterload_null                       0x08005755   Thumb Code     2  handlers.o(i.__scatterload_null)
    __scatterload_zeroinit                   0x08005757   Thumb Code    14  handlers.o(i.__scatterload_zeroinit)
    assert_failed                            0x08005765   Thumb Code     2  main.o(i.assert_failed)
    mA_2_OcdTh                               0x08005769   Thumb Code    92  l6470.o(i.mA_2_OcdTh)
    mA_2_StallTh                             0x080057cd   Thumb Code    92  l6470.o(i.mA_2_StallTh)
    main                                     0x08005831   Thumb Code    28  main.o(i.main)
    num2hex                                  0x0800584d   Thumb Code   112  example_usart.o(i.num2hex)
    s_Step_2_FnSlpAcc                        0x080058c1   Thumb Code    38  l6470.o(i.s_Step_2_FnSlpAcc)
    s_Step_2_FnSlpDec                        0x080058f1   Thumb Code    38  l6470.o(i.s_Step_2_FnSlpDec)
    s_Step_2_StSlp                           0x08005921   Thumb Code    38  l6470.o(i.s_Step_2_StSlp)
    str2num                                  0x08005951   Thumb Code    78  example_usart.o(i.str2num)
    L6470_Register                           0x080059a0   Data         500  l6470.o(.constdata)
    L6470_ApplicationCommand                 0x08005b94   Data         266  l6470.o(.constdata)
    L6470_Direction                          0x08005c9e   Data          18  l6470.o(.constdata)
    L6470_ACT                                0x08005cb0   Data          10  l6470.o(.constdata)
    APBAHBPrescTable                         0x08005cba   Data          16  stm32f4xx_hal_rcc.o(.constdata)
    GPIO_PIN                                 0x08005cca   Data           2  stm32f4xx_nucleo.o(.constdata)
    BUTTON_PIN                               0x08005ccc   Data           2  stm32f4xx_nucleo.o(.constdata)
    BUTTON_IRQn                              0x08005cce   Data           1  stm32f4xx_nucleo.o(.constdata)
    MotorParameterInitData                   0x08005cd0   Data         704  params.o(.constdata)
    Region$$Table$$Base                      0x08006024   Number         0  anon$$obj.o(Region$$Table)
    Region$$Table$$Limit                     0x08006044   Number         0  anon$$obj.o(Region$$Table)
    L6470Command                             0x20000000   Data         148  l6470.o(.data)
    L6470_DaisyChainSpiTxStruct              0x20000094   Data           8  l6470.o(.data)
    L6470_DaisyChainSpiRxStruct              0x2000009c   Data           8  l6470.o(.data)
    L6470_DaisyChain_HalfPrepared            0x200000a4   Data           1  l6470.o(.data)
    L6470_StatusRegister                     0x200000a6   Data           2  l6470.o(.data)
    pL6470_StatusRegister                    0x200000a8   Data           4  l6470.o(.data)
    delay_cnt                                0x200000ac   Data           1  l6470.o(.data)
    GPIO_PORT                                0x200000b4   Data           4  stm32f4xx_nucleo.o(.data)
    BUTTON_PORT                              0x200000b8   Data           4  stm32f4xx_nucleo.o(.data)
    SpixTimeout                              0x200000bc   Data           4  stm32f4xx_nucleo.o(.data)
    XNUCLEOIHM02A1Command                    0x200000c0   Data          80  xnucleoihm02a1.o(.data)
    L6470DrvMtx                              0x20000110   Data         480  xnucleoihm02a1.o(.data)
    XNUCLEOIHM02A1Drv                        0x200002f0   Data          96  xnucleoihm02a1.o(.data)
    L6470_nSTBY_nRST_GPIO                    0x20000350   Data          12  xnucleoihm02a1.o(.data)
    L6470_nBUSY_SYNC_GPIO                    0x2000035c   Data          12  xnucleoihm02a1.o(.data)
    L6470_nFLAG_GPIO                         0x20000368   Data          12  xnucleoihm02a1.o(.data)
    L6470_nCS_GPIO_Array                     0x20000374   Data          12  xnucleoihm02a1.o(.data)
    StatusBuffer                             0x20000380   Data           4  xnucleoihm02a1.o(.data)
    SystemCoreClock                          0x2000038c   Data           4  system_stm32f4xx.o(.data)
    L6470_AppCmdPkg                          0x20000390   Data          32  l6470.o(.bss)
    L6470_nCS_GPIO                           0x200003b0   Data          12  xnucleoihm02a1.o(.bss)
    hadc1                                    0x200003bc   Data          68  xnucleoihm02a1_interface.o(.bss)
    hspi1                                    0x20000400   Data          88  xnucleoihm02a1_interface.o(.bss)
    hspi2                                    0x20000458   Data          88  xnucleoihm02a1_interface.o(.bss)
    huart2                                   0x200004b0   Data          64  example_usart.o(.bss)
    L6470_DaisyChainMnemonic                 0x200004f0   Data          26  example_usart.o(.bss)
    UsartTextString                          0x2000050a   Data          64  example_usart.o(.bss)
    L6470_TextCommandBundle                  0x2000054a   Data          96  example_usart.o(.bss)
    __initial_sp                             0x200009b8   Data           0  startup_stm32f401xe.o(STACK)



==============================================================================

Memory Map of the image

  Image Entry point : 0x08000195

  Load Region LR_IROM1 (Base: 0x08000000, Size: 0x000063d4, Max: 0x00080000, ABSOLUTE, COMPRESSED[0x00006188])

    Execution Region ER_IROM1 (Exec base: 0x08000000, Load base: 0x08000000, Size: 0x00006044, Max: 0x00080000, ABSOLUTE)

    Exec Addr    Load Addr    Size         Type   Attr      Idx    E Section Name        Object

    0x08000000   0x08000000   0x00000194   Data   RO         3334    RESET               startup_stm32f401xe.o
    0x08000194   0x08000194   0x00000000   Code   RO         3339  * .ARM.Collect$$$$00000000  mc_w.l(entry.o)
    0x08000194   0x08000194   0x00000004   Code   RO         3354    .ARM.Collect$$$$00000001  mc_w.l(entry2.o)
    0x08000198   0x08000198   0x00000004   Code   RO         3357    .ARM.Collect$$$$00000004  mc_w.l(entry5.o)
    0x0800019c   0x0800019c   0x00000000   Code   RO         3359    .ARM.Collect$$$$00000008  mc_w.l(entry7b.o)
    0x0800019c   0x0800019c   0x00000000   Code   RO         3361    .ARM.Collect$$$$0000000A  mc_w.l(entry8b.o)
    0x0800019c   0x0800019c   0x00000008   Code   RO         3362    .ARM.Collect$$$$0000000B  mc_w.l(entry9a.o)
    0x080001a4   0x080001a4   0x00000000   Code   RO         3364    .ARM.Collect$$$$0000000D  mc_w.l(entry10a.o)
    0x080001a4   0x080001a4   0x00000000   Code   RO         3366    .ARM.Collect$$$$0000000F  mc_w.l(entry11a.o)
    0x080001a4   0x080001a4   0x00000004   Code   RO         3355    .ARM.Collect$$$$00002712  mc_w.l(entry2.o)
    0x080001a8   0x080001a8   0x00000024   Code   RO         3335    .text               startup_stm32f401xe.o
    0x080001cc   0x080001cc   0x00000026   Code   RO         3348    .text               mf_w.l(f2d.o)
    0x080001f2   0x080001f2   0x00000002   PAD
    0x080001f4   0x080001f4   0x00000030   Code   RO         3350    .text               mf_w.l(cdcmple.o)
    0x08000224   0x08000224   0x00000000   Code   RO         3372    .text               mc_w.l(iusefp.o)
    0x08000224   0x08000224   0x00000024   Code   RO         3377    .text               mc_w.l(init.o)
    0x08000248   0x08000248   0x00000056   Code   RO         3389    .text               mc_w.l(__dczerorl2.o)
    0x0800029e   0x0800029e   0x00000002   PAD
    0x080002a0   0x080002a0   0x000001d0   Code   RO         1058    i.ADC_Init          stm32f4xx_hal_adc.o
    0x08000470   0x08000470   0x00000014   Code   RO         2588    i.BSP_0_Config      xnucleoihm02a1.o
    0x08000484   0x08000484   0x00000014   Code   RO         2589    i.BSP_1_Config      xnucleoihm02a1.o
    0x08000498   0x08000498   0x00000014   Code   RO         2590    i.BSP_2_Config      xnucleoihm02a1.o
    0x080004ac   0x080004ac   0x00000014   Code   RO         2591    i.BSP_3_Config      xnucleoihm02a1.o
    0x080004c0   0x080004c0   0x00000020   Code   RO         2592    i.BSP_Config        xnucleoihm02a1.o
    0x080004e0   0x080004e0   0x00000014   Code   RO         2593    i.BSP_EmergencyStop  xnucleoihm02a1.o
    0x080004f4   0x080004f4   0x0000004c   Code   RO         2594    i.BSP_GetExpansionBoardHandle  xnucleoihm02a1.o
    0x08000540   0x08000540   0x00000024   Code   RO         2595    i.BSP_IRQ           xnucleoihm02a1.o
    0x08000564   0x08000564   0x0000001e   Code   RO         2596    i.BSP_Init          xnucleoihm02a1.o
    0x08000582   0x08000582   0x00000002   PAD
    0x08000584   0x08000584   0x00000014   Code   RO         2597    i.BSP_L6470_0_0_Config  xnucleoihm02a1.o
    0x08000598   0x08000598   0x00000014   Code   RO         2598    i.BSP_L6470_0_1_Config  xnucleoihm02a1.o
    0x080005ac   0x080005ac   0x00000014   Code   RO         2599    i.BSP_L6470_1_0_Config  xnucleoihm02a1.o
    0x080005c0   0x080005c0   0x00000014   Code   RO         2600    i.BSP_L6470_1_1_Config  xnucleoihm02a1.o
    0x080005d4   0x080005d4   0x00000014   Code   RO         2601    i.BSP_L6470_2_0_Config  xnucleoihm02a1.o
    0x080005e8   0x080005e8   0x00000014   Code   RO         2602    i.BSP_L6470_2_1_Config  xnucleoihm02a1.o
    0x080005fc   0x080005fc   0x00000014   Code   RO         2603    i.BSP_L6470_3_0_Config  xnucleoihm02a1.o
    0x08000610   0x08000610   0x00000014   Code   RO         2604    i.BSP_L6470_3_1_Config  xnucleoihm02a1.o
    0x08000624   0x08000624   0x00000004   Code   RO         2605    i.BSP_L6470_BusySynchEventManager  xnucleoihm02a1.o
    0x08000628   0x08000628   0x0000001e   Code   RO         2606    i.BSP_L6470_CheckStatusRegisterFlag  xnucleoihm02a1.o
    0x08000646   0x08000646   0x00000004   Code   RO         2607    i.BSP_L6470_FlagEventManager  xnucleoihm02a1.o
    0x0800064a   0x0800064a   0x0000001e   Code   RO         2608    i.BSP_L6470_GetParam  xnucleoihm02a1.o
    0x08000668   0x08000668   0x0000001a   Code   RO         2609    i.BSP_L6470_GetStatus  xnucleoihm02a1.o
    0x08000682   0x08000682   0x00000016   Code   RO         2610    i.BSP_L6470_GoHome  xnucleoihm02a1.o
    0x08000698   0x08000698   0x00000016   Code   RO         2611    i.BSP_L6470_GoMark  xnucleoihm02a1.o
    0x080006ae   0x080006ae   0x0000001a   Code   RO         2612    i.BSP_L6470_GoTo    xnucleoihm02a1.o
    0x080006c8   0x080006c8   0x00000022   Code   RO         2613    i.BSP_L6470_GoToDir  xnucleoihm02a1.o
    0x080006ea   0x080006ea   0x00000028   Code   RO         2614    i.BSP_L6470_GoUntil  xnucleoihm02a1.o
    0x08000712   0x08000712   0x00000016   Code   RO         2615    i.BSP_L6470_HardHiZ  xnucleoihm02a1.o
    0x08000728   0x08000728   0x00000016   Code   RO         2616    i.BSP_L6470_HardStop  xnucleoihm02a1.o
    0x0800073e   0x0800073e   0x00000002   PAD
    0x08000740   0x08000740   0x00000080   Code   RO         2617    i.BSP_L6470_Init    xnucleoihm02a1.o
    0x080007c0   0x080007c0   0x00000022   Code   RO         2618    i.BSP_L6470_Move    xnucleoihm02a1.o
    0x080007e2   0x080007e2   0x00000022   Code   RO         2620    i.BSP_L6470_ReleaseSW  xnucleoihm02a1.o
    0x08000804   0x08000804   0x00000016   Code   RO         2621    i.BSP_L6470_ResetDevice  xnucleoihm02a1.o
    0x0800081a   0x0800081a   0x00000016   Code   RO         2622    i.BSP_L6470_ResetPos  xnucleoihm02a1.o
    0x08000830   0x08000830   0x00000022   Code   RO         2623    i.BSP_L6470_Run     xnucleoihm02a1.o
    0x08000852   0x08000852   0x00000022   Code   RO         2624    i.BSP_L6470_SetParam  xnucleoihm02a1.o
    0x08000874   0x08000874   0x00000016   Code   RO         2625    i.BSP_L6470_SoftHiZ  xnucleoihm02a1.o
    0x0800088a   0x0800088a   0x00000016   Code   RO         2626    i.BSP_L6470_SoftStop  xnucleoihm02a1.o
    0x080008a0   0x080008a0   0x0000001a   Code   RO         2627    i.BSP_L6470_StepClock  xnucleoihm02a1.o
    0x080008ba   0x080008ba   0x00000002   PAD
    0x080008bc   0x080008bc   0x00000068   Code   RO         2415    i.BSP_LED_Init      stm32f4xx_nucleo.o
    0x08000924   0x08000924   0x00000020   Code   RO         2416    i.BSP_LED_Off       stm32f4xx_nucleo.o
    0x08000944   0x08000944   0x00000020   Code   RO         2417    i.BSP_LED_On        stm32f4xx_nucleo.o
    0x08000964   0x08000964   0x00000100   Code   RO         2628    i.BSP_NUCLEO_GPIO_Init  xnucleoihm02a1.o
    0x08000a64   0x08000a64   0x0000009c   Code   RO         2420    i.BSP_PB_Init       stm32f4xx_nucleo.o
    0x08000b00   0x08000b00   0x00000044   Code   RO         2629    i.BSP_Select        xnucleoihm02a1.o
    0x08000b44   0x08000b44   0x00000024   Code   RO         3077    i.CompareTwoTextString  example_usart.o
    0x08000b68   0x08000b68   0x0000000e   Code   RO         2630    i.EXPBRD_ID         xnucleoihm02a1.o
    0x08000b76   0x08000b76   0x00000002   PAD
    0x08000b78   0x08000b78   0x0000001c   Code   RO         3018    i.EXTI0_IRQHandler  stm32f4xx_it.o
    0x08000b94   0x08000b94   0x00000020   Code   RO         3019    i.EXTI15_10_IRQHandler  stm32f4xx_it.o
    0x08000bb4   0x08000bb4   0x0000001c   Code   RO         3020    i.EXTI1_IRQHandler  stm32f4xx_it.o
    0x08000bd0   0x08000bd0   0x000000f4   Code   RO         3078    i.Fill_L6470_DaisyChainMnemonic  example_usart.o
    0x08000cc4   0x08000cc4   0x00000008   Code   RO         3280    i.GetMotorParameterInitData  params.o
    0x08000ccc   0x08000ccc   0x00000234   Code   RO         1060    i.HAL_ADC_ConfigChannel  stm32f4xx_hal_adc.o
    0x08000f00   0x08000f00   0x00000250   Code   RO         1069    i.HAL_ADC_Init      stm32f4xx_hal_adc.o
    0x08001150   0x08001150   0x00000070   Code   RO         2959    i.HAL_ADC_MspInit   stm32f4xx_hal_msp.o
    0x080011c0   0x080011c0   0x0000001a   Code   RO          683    i.HAL_Delay         stm32f4xx_hal.o
    0x080011da   0x080011da   0x00000002   PAD
    0x080011dc   0x080011dc   0x000003b4   Code   RO         1228    i.HAL_GPIO_Init     stm32f4xx_hal_gpio.o
    0x08001590   0x08001590   0x00000074   Code   RO         1232    i.HAL_GPIO_WritePin  stm32f4xx_hal_gpio.o
    0x08001604   0x08001604   0x0000000c   Code   RO          689    i.HAL_GetTick       stm32f4xx_hal.o
    0x08001610   0x08001610   0x00000010   Code   RO          690    i.HAL_IncTick       stm32f4xx_hal.o
    0x08001620   0x08001620   0x0000003c   Code   RO          691    i.HAL_Init          stm32f4xx_hal.o
    0x0800165c   0x0800165c   0x00000024   Code   RO          692    i.HAL_InitTick      stm32f4xx_hal.o
    0x08001680   0x08001680   0x00000014   Code   RO         2960    i.HAL_MspInit       stm32f4xx_hal_msp.o
    0x08001694   0x08001694   0x0000006c   Code   RO          929    i.HAL_NVIC_DisableIRQ  stm32f4xx_hal_cortex.o
    0x08001700   0x08001700   0x0000006c   Code   RO          930    i.HAL_NVIC_EnableIRQ  stm32f4xx_hal_cortex.o
    0x0800176c   0x0800176c   0x000000d8   Code   RO          936    i.HAL_NVIC_SetPriority  stm32f4xx_hal_cortex.o
    0x08001844   0x08001844   0x0000008c   Code   RO          937    i.HAL_NVIC_SetPriorityGrouping  stm32f4xx_hal_cortex.o
    0x080018d0   0x080018d0   0x00000454   Code   RO          572    i.HAL_RCC_ClockConfig  stm32f4xx_hal_rcc.o
    0x08001d24   0x08001d24   0x00000038   Code   RO          577    i.HAL_RCC_GetHCLKFreq  stm32f4xx_hal_rcc.o
    0x08001d5c   0x08001d5c   0x0000002c   Code   RO          579    i.HAL_RCC_GetPCLK1Freq  stm32f4xx_hal_rcc.o
    0x08001d88   0x08001d88   0x0000002c   Code   RO          580    i.HAL_RCC_GetPCLK2Freq  stm32f4xx_hal_rcc.o
    0x08001db4   0x08001db4   0x000000b4   Code   RO          581    i.HAL_RCC_GetSysClockFreq  stm32f4xx_hal_rcc.o
    0x08001e68   0x08001e68   0x00000574   Code   RO          584    i.HAL_RCC_OscConfig  stm32f4xx_hal_rcc.o
    0x080023dc   0x080023dc   0x000001e0   Code   RO         1382    i.HAL_SPI_Init      stm32f4xx_hal_spi.o
    0x080025bc   0x080025bc   0x00000118   Code   RO         2962    i.HAL_SPI_MspInit   stm32f4xx_hal_msp.o
    0x080026d4   0x080026d4   0x000003a0   Code   RO         1391    i.HAL_SPI_TransmitReceive  stm32f4xx_hal_spi.o
    0x08002a74   0x08002a74   0x00000002   Code   RO          940    i.HAL_SYSTICK_Callback  stm32f4xx_hal_cortex.o
    0x08002a76   0x08002a76   0x00000034   Code   RO          941    i.HAL_SYSTICK_Config  stm32f4xx_hal_cortex.o
    0x08002aaa   0x08002aaa   0x00000008   Code   RO          942    i.HAL_SYSTICK_IRQHandler  stm32f4xx_hal_cortex.o
    0x08002ab2   0x08002ab2   0x00000002   Code   RO         1750    i.HAL_UART_ErrorCallback  stm32f4xx_hal_uart.o
    0x08002ab4   0x08002ab4   0x00000120   Code   RO         1753    i.HAL_UART_IRQHandler  stm32f4xx_hal_uart.o
    0x08002bd4   0x08002bd4   0x00000154   Code   RO         1754    i.HAL_UART_Init     stm32f4xx_hal_uart.o
    0x08002d28   0x08002d28   0x00000088   Code   RO         2964    i.HAL_UART_MspInit  stm32f4xx_hal_msp.o
    0x08002db0   0x08002db0   0x00000086   Code   RO         1759    i.HAL_UART_Receive_IT  stm32f4xx_hal_uart.o
    0x08002e36   0x08002e36   0x00000002   Code   RO         1760    i.HAL_UART_RxCpltCallback  stm32f4xx_hal_uart.o
    0x08002e38   0x08002e38   0x000000f0   Code   RO         1762    i.HAL_UART_Transmit  stm32f4xx_hal_uart.o
    0x08002f28   0x08002f28   0x00000002   Code   RO         1765    i.HAL_UART_TxCpltCallback  stm32f4xx_hal_uart.o
    0x08002f2a   0x08002f2a   0x00000002   PAD
    0x08002f2c   0x08002f2c   0x000000ec   Code   RO           11    i.L6470_CheckStatusRegisterFlag  l6470.o
    0x08003018   0x08003018   0x00000250   Code   RO           12    i.L6470_Config      l6470.o
    0x08003268   0x08003268   0x00000074   Code   RO           13    i.L6470_DaisyChainCommand  l6470.o
    0x080032dc   0x080032dc   0x00000024   Code   RO           14    i.L6470_ExtractReturnedData  l6470.o
    0x08003300   0x08003300   0x00000020   Code   RO           15    i.L6470_FillAppCmdPkg  l6470.o
    0x08003320   0x08003320   0x00000058   Code   RO           16    i.L6470_GetParam    l6470.o
    0x08003378   0x08003378   0x00000020   Code   RO           17    i.L6470_GetRegisterName  l6470.o
    0x08003398   0x08003398   0x00000044   Code   RO           18    i.L6470_GetStatus   l6470.o
    0x080033dc   0x080033dc   0x00000034   Code   RO           19    i.L6470_GoHome      l6470.o
    0x08003410   0x08003410   0x00000034   Code   RO           20    i.L6470_GoMark      l6470.o
    0x08003444   0x08003444   0x0000003c   Code   RO           21    i.L6470_GoTo        l6470.o
    0x08003480   0x08003480   0x00000040   Code   RO           22    i.L6470_GoToDir     l6470.o
    0x080034c0   0x080034c0   0x0000003c   Code   RO           23    i.L6470_GoUntil     l6470.o
    0x080034fc   0x080034fc   0x00000034   Code   RO           24    i.L6470_HardHiZ     l6470.o
    0x08003530   0x08003530   0x00000034   Code   RO           25    i.L6470_HardStop    l6470.o
    0x08003564   0x08003564   0x00000014   Code   RO           26    i.L6470_ID          l6470.o
    0x08003578   0x08003578   0x00000038   Code   RO           27    i.L6470_Move        l6470.o
    0x080035b0   0x080035b0   0x00000024   Code   RO           28    i.L6470_PerformPreparedApplicationCommand  l6470.o
    0x080035d4   0x080035d4   0x0000003c   Code   RO           29    i.L6470_PrepareAppCmdPkg  l6470.o
    0x08003610   0x08003610   0x00000288   Code   RO           30    i.L6470_PrepareDaisyChainCommand  l6470.o
    0x08003898   0x08003898   0x00000020   Code   RO           31    i.L6470_PrepareGetParam  l6470.o
    0x080038b8   0x080038b8   0x0000001c   Code   RO           32    i.L6470_PrepareGetStatus  l6470.o
    0x080038d4   0x080038d4   0x0000001c   Code   RO           33    i.L6470_PrepareGoHome  l6470.o
    0x080038f0   0x080038f0   0x0000001c   Code   RO           34    i.L6470_PrepareGoMark  l6470.o
    0x0800390c   0x0800390c   0x00000020   Code   RO           35    i.L6470_PrepareGoTo  l6470.o
    0x0800392c   0x0800392c   0x00000020   Code   RO           36    i.L6470_PrepareGoToDir  l6470.o
    0x0800394c   0x0800394c   0x00000020   Code   RO           37    i.L6470_PrepareGoUntil  l6470.o
    0x0800396c   0x0800396c   0x0000001c   Code   RO           38    i.L6470_PrepareHardHiZ  l6470.o
    0x08003988   0x08003988   0x0000001c   Code   RO           39    i.L6470_PrepareHardStop  l6470.o
    0x080039a4   0x080039a4   0x00000020   Code   RO           40    i.L6470_PrepareMove  l6470.o
    0x080039c4   0x080039c4   0x00000020   Code   RO           41    i.L6470_PrepareReleaseSW  l6470.o
    0x080039e4   0x080039e4   0x0000001c   Code   RO           42    i.L6470_PrepareResetDevice  l6470.o
    0x08003a00   0x08003a00   0x0000001c   Code   RO           43    i.L6470_PrepareResetPos  l6470.o
    0x08003a1c   0x08003a1c   0x00000020   Code   RO           44    i.L6470_PrepareRun  l6470.o
    0x08003a3c   0x08003a3c   0x00000020   Code   RO           45    i.L6470_PrepareSetParam  l6470.o
    0x08003a5c   0x08003a5c   0x0000001c   Code   RO           46    i.L6470_PrepareSoftHiZ  l6470.o
    0x08003a78   0x08003a78   0x0000001c   Code   RO           47    i.L6470_PrepareSoftStop  l6470.o
    0x08003a94   0x08003a94   0x00000020   Code   RO           48    i.L6470_PrepareStepClock  l6470.o
    0x08003ab4   0x08003ab4   0x00000038   Code   RO           49    i.L6470_ReleaseSW   l6470.o
    0x08003aec   0x08003aec   0x0000002a   Code   RO           50    i.L6470_ResetAppCmdPkg  l6470.o
    0x08003b16   0x08003b16   0x00000002   PAD
    0x08003b18   0x08003b18   0x00000034   Code   RO           51    i.L6470_ResetDevice  l6470.o
    0x08003b4c   0x08003b4c   0x00000034   Code   RO           52    i.L6470_ResetPos    l6470.o
    0x08003b80   0x08003b80   0x00000038   Code   RO           53    i.L6470_Run         l6470.o
    0x08003bb8   0x08003bb8   0x00000038   Code   RO           54    i.L6470_SetParam    l6470.o
    0x08003bf0   0x08003bf0   0x00000034   Code   RO           55    i.L6470_SoftHiZ     l6470.o
    0x08003c24   0x08003c24   0x00000034   Code   RO           56    i.L6470_SoftStop    l6470.o
    0x08003c58   0x08003c58   0x00000038   Code   RO           57    i.L6470_StepClock   l6470.o
    0x08003c90   0x08003c90   0x0000004c   Code   RO         2879    i.MX_ADC1_Init      xnucleoihm02a1_interface.o
    0x08003cdc   0x08003cdc   0x0000004c   Code   RO         2880    i.MX_GPIO_Init      xnucleoihm02a1_interface.o
    0x08003d28   0x08003d28   0x00000094   Code   RO         2881    i.MX_SPI1_Init      xnucleoihm02a1_interface.o
    0x08003dbc   0x08003dbc   0x00000008   Code   RO         2883    i.MX_SPI_Init       xnucleoihm02a1_interface.o
    0x08003dc4   0x08003dc4   0x00000030   Code   RO         2884    i.MX_USART2_Init    xnucleoihm02a1_interface.o
    0x08003df4   0x08003df4   0x00000098   Code   RO         3079    i.Motor_Param_Reg_Init  example_usart.o
    0x08003e8c   0x08003e8c   0x00000026   Code   RO         2885    i.NUCLEO_Board_Init  xnucleoihm02a1_interface.o
    0x08003eb2   0x08003eb2   0x00000002   PAD
    0x08003eb4   0x08003eb4   0x00000010   Code   RO          943    i.NVIC_GetPriorityGrouping  stm32f4xx_hal_cortex.o
    0x08003ec4   0x08003ec4   0x00000028   Code   RO          944    i.NVIC_SetPriority  stm32f4xx_hal_cortex.o
    0x08003eec   0x08003eec   0x00000114   Code   RO         1413    i.SPI_WaitOnFlagUntilTimeout  stm32f4xx_hal_spi.o
    0x08004000   0x08004000   0x00000030   Code   RO           65    i.Step_s2_2_Acc     l6470.o
    0x08004030   0x08004030   0x00000030   Code   RO           66    i.Step_s2_2_Dec     l6470.o
    0x08004060   0x08004060   0x00000054   Code   RO           67    i.Step_s_2_FsSpd    l6470.o
    0x080040b4   0x080040b4   0x00000030   Code   RO           68    i.Step_s_2_IntSpeed  l6470.o
    0x080040e4   0x080040e4   0x00000030   Code   RO           69    i.Step_s_2_MaxSpeed  l6470.o
    0x08004114   0x08004114   0x00000030   Code   RO           70    i.Step_s_2_MinSpeed  l6470.o
    0x08004144   0x08004144   0x0000000c   Code   RO         3021    i.SysTick_Handler   stm32f4xx_it.o
    0x08004150   0x08004150   0x00000098   Code   RO         2886    i.SystemClock_Config  xnucleoihm02a1_interface.o
    0x080041e8   0x080041e8   0x00000064   Code   RO         3299    i.SystemInit        system_stm32f4xx.o
    0x0800424c   0x0800424c   0x00000048   Code   RO         1772    i.UART_EndTransmit_IT  stm32f4xx_hal_uart.o
    0x08004294   0x08004294   0x000000bc   Code   RO         1773    i.UART_Receive_IT   stm32f4xx_hal_uart.o
    0x08004350   0x08004350   0x000002c8   Code   RO         1774    i.UART_SetConfig    stm32f4xx_hal_uart.o
    0x08004618   0x08004618   0x00000070   Code   RO         1775    i.UART_Transmit_IT  stm32f4xx_hal_uart.o
    0x08004688   0x08004688   0x000000fa   Code   RO         1776    i.UART_WaitOnFlagUntilTimeout  stm32f4xx_hal_uart.o
    0x08004782   0x08004782   0x00000002   PAD
    0x08004784   0x08004784   0x00000014   Code   RO         3022    i.USART2_IRQHandler  stm32f4xx_it.o
    0x08004798   0x08004798   0x00000040   Code   RO         3080    i.USART_CheckAppCmd  example_usart.o
    0x080047d8   0x080047d8   0x0000084c   Code   RO         3081    i.USART_CheckTextCommandBundle  example_usart.o
    0x08005024   0x08005024   0x000001fc   Code   RO         3082    i.USART_DecodeTextString  example_usart.o
    0x08005220   0x08005220   0x0000007c   Code   RO         3083    i.USART_ITCharManager  example_usart.o
    0x0800529c   0x0800529c   0x0000003c   Code   RO         3084    i.USART_PrintAllRegisterValues  example_usart.o
    0x080052d8   0x080052d8   0x000000f4   Code   RO         3085    i.USART_PrintRegisterValues  example_usart.o
    0x080053cc   0x080053cc   0x000001fc   Code   RO         3086    i.USART_SplitTextString  example_usart.o
    0x080055c8   0x080055c8   0x00000028   Code   RO         3087    i.USART_Transmit    example_usart.o
    0x080055f0   0x080055f0   0x00000124   Code   RO         3088    i.USART_TxWelcomeMessage  example_usart.o
    0x08005714   0x08005714   0x00000032   Code   RO         2887    i.User_LED_Blinking  xnucleoihm02a1_interface.o
    0x08005746   0x08005746   0x0000000e   Code   RO         3383    i.__scatterload_copy  mc_w.l(handlers.o)
    0x08005754   0x08005754   0x00000002   Code   RO         3384    i.__scatterload_null  mc_w.l(handlers.o)
    0x08005756   0x08005756   0x0000000e   Code   RO         3385    i.__scatterload_zeroinit  mc_w.l(handlers.o)
    0x08005764   0x08005764   0x00000002   Code   RO         3241    i.assert_failed     main.o
    0x08005766   0x08005766   0x00000002   PAD
    0x08005768   0x08005768   0x00000064   Code   RO           72    i.mA_2_OcdTh        l6470.o
    0x080057cc   0x080057cc   0x00000064   Code   RO           73    i.mA_2_StallTh      l6470.o
    0x08005830   0x08005830   0x0000001c   Code   RO         3242    i.main              main.o
    0x0800584c   0x0800584c   0x00000074   Code   RO         3089    i.num2hex           example_usart.o
    0x080058c0   0x080058c0   0x00000030   Code   RO           74    i.s_Step_2_FnSlpAcc  l6470.o
    0x080058f0   0x080058f0   0x00000030   Code   RO           75    i.s_Step_2_FnSlpDec  l6470.o
    0x08005920   0x08005920   0x00000030   Code   RO           76    i.s_Step_2_StSlp    l6470.o
    0x08005950   0x08005950   0x0000004e   Code   RO         3091    i.str2num           example_usart.o
    0x0800599e   0x0800599e   0x00000002   PAD
    0x080059a0   0x080059a0   0x0000031a   Data   RO           78    .constdata          l6470.o
    0x08005cba   0x08005cba   0x00000010   Data   RO          585    .constdata          stm32f4xx_hal_rcc.o
    0x08005cca   0x08005cca   0x00000005   Data   RO         2438    .constdata          stm32f4xx_nucleo.o
    0x08005ccf   0x08005ccf   0x00000001   PAD
    0x08005cd0   0x08005cd0   0x000002c0   Data   RO         3281    .constdata          params.o
    0x08005f90   0x08005f90   0x00000092   Data   RO         3093    .conststring        example_usart.o
    0x08006022   0x08006022   0x00000002   PAD
    0x08006024   0x08006024   0x00000020   Data   RO         3381    Region$$Table       anon$$obj.o


    Execution Region RW_IRAM1 (Exec base: 0x20000000, Load base: 0x08006044, Size: 0x000009b8, Max: 0x00018000, ABSOLUTE, COMPRESSED[0x00000144])

    Exec Addr    Load Addr    Size         Type   Attr      Idx    E Section Name        Object

    0x20000000   COMPRESSED   0x000000ad   Data   RW           79    .data               l6470.o
    0x200000ad   COMPRESSED   0x00000003   PAD
    0x200000b0   COMPRESSED   0x00000004   Data   RW          697    .data               stm32f4xx_hal.o
    0x200000b4   COMPRESSED   0x0000000c   Data   RW         2439    .data               stm32f4xx_nucleo.o
    0x200000c0   COMPRESSED   0x000002c4   Data   RW         2632    .data               xnucleoihm02a1.o
    0x20000384   COMPRESSED   0x00000008   Data   RW         3094    .data               example_usart.o
    0x2000038c   COMPRESSED   0x00000004   Data   RW         3301    .data               system_stm32f4xx.o
    0x20000390        -       0x00000020   Zero   RW           77    .bss                l6470.o
    0x200003b0        -       0x0000000c   Zero   RW         2631    .bss                xnucleoihm02a1.o
    0x200003bc        -       0x000000f4   Zero   RW         2888    .bss                xnucleoihm02a1_interface.o
    0x200004b0        -       0x00000103   Zero   RW         3092    .bss                example_usart.o
    0x200005b3   COMPRESSED   0x00000005   PAD
    0x200005b8        -       0x00000400   Zero   RW         3332    STACK               startup_stm32f401xe.o


==============================================================================

Image component sizes


      Code (inc. data)   RO Data    RW Data    ZI Data      Debug   Object Name

      4590       1046        146          8        259      14071   example_usart.o
      4094        524        794        173         32     279187   l6470.o
        30          0          0          0          0       1535   main.o
         8          4        704          0          0       1101   params.o
        36          8        404          0       1024        868   startup_stm32f401xe.o
       150         16          0          4          0       4326   stm32f4xx_hal.o
      1620        222          0          0          0       3043   stm32f4xx_hal_adc.o
       690        284          0          0          0      32665   stm32f4xx_hal_cortex.o
      1064        182          0          0          0       2788   stm32f4xx_hal_gpio.o
       548         48          0          0          0       3329   stm32f4xx_hal_msp.o
      2828        198         16          0          0       6559   stm32f4xx_hal_rcc.o
      1684        122          0          0          0       3881   stm32f4xx_hal_spi.o
      2342        146          0          0          0       9997   stm32f4xx_hal_uart.o
       120         18          0          0          0       2687   stm32f4xx_it.o
       324         50          5         12          0       4148   stm32f4xx_nucleo.o
       100         18          0          4          0       1409   system_stm32f4xx.o
      1432        100          0        708         12      32234   xnucleoihm02a1.o
       596         48          0          0        244       6557   xnucleoihm02a1_interface.o

    ----------------------------------------------------------------------
     22278       3034       2104        912       1576     410385   Object Totals
         0          0         32          0          0          0   (incl. Generated)
        22          0          3          3          5          0   (incl. Padding)

    ----------------------------------------------------------------------

      Code (inc. data)   RO Data    RW Data    ZI Data      Debug   Library Member Name

        86          0          0          0          0          0   __dczerorl2.o
         0          0          0          0          0          0   entry.o
         0          0          0          0          0          0   entry10a.o
         0          0          0          0          0          0   entry11a.o
         8          4          0          0          0          0   entry2.o
         4          0          0          0          0          0   entry5.o
         0          0          0          0          0          0   entry7b.o
         0          0          0          0          0          0   entry8b.o
         8          4          0          0          0          0   entry9a.o
        30          0          0          0          0          0   handlers.o
        36          8          0          0          0         68   init.o
         0          0          0          0          0          0   iusefp.o
        48          0          0          0          0         68   cdcmple.o
        38          0          0          0          0         68   f2d.o

    ----------------------------------------------------------------------
       262         16          0          0          0        204   Library Totals
         4          0          0          0          0          0   (incl. Padding)

    ----------------------------------------------------------------------

      Code (inc. data)   RO Data    RW Data    ZI Data      Debug   Library Name

       172         16          0          0          0         68   mc_w.l
        86          0          0          0          0        136   mf_w.l

    ----------------------------------------------------------------------
       262         16          0          0          0        204   Library Totals

    ----------------------------------------------------------------------

==============================================================================


      Code (inc. data)   RO Data    RW Data    ZI Data      Debug   

     22540       3050       2104        912       1576     393621   Grand Totals
     22540       3050       2104        324       1576     393621   ELF Image Totals (compressed)
     22540       3050       2104        324          0          0   ROM Totals

==============================================================================

    Total RO  Size (Code + RO Data)                24644 (  24.07kB)
    Total RW  Size (RW Data + ZI Data)              2488 (   2.43kB)
    Total ROM Size (Code + RO Data + RW Data)      24968 (  24.38kB)

==============================================================================

